[f0] HARNESS Mobile Adapter attached to the link port
[f51] gb.mobile DEBUG: >>> 10 Start session: NINTENDO
[f51] gb.mobile DEBUG: <<< 10 Start session: NINTENDO
[f53] gb.mobile DEBUG: >>> 11 End session
[f53] gb.mobile DEBUG: <<< 11 End session
[f53] gb.mobile DEBUG: 
[f177] gb.mobile DEBUG: >>> 10 Start session: NINTENDO
[f177] gb.mobile DEBUG: <<< 10 Start session: NINTENDO
[f179] gb.mobile DEBUG: >>> 19 Read EEPROM (offset: 00; size: 80)
[f179] gb.mobile DEBUG: <<< 19 Read EEPROM (offset: 00)
[f179] gb.mobile DEBUG:     4D 41 81 00 D2 C4 03 B7 D2 8D 70 A3 67 31 31 31 
[f179] gb.mobile DEBUG:     31 31 31 31 31 31 00 00 00 00 00 00 00 00 00 00 
[f179] gb.mobile DEBUG:     00 00 00 00 00 00 00 00 00 00 00 00 31 31 31 31 
[f179] gb.mobile DEBUG:     31 31 31 31 40 31 31 31 31 2E 64 69 6F 6E 2E 6E 
[f179] gb.mobile DEBUG:     65 2E 6A 70 00 00 00 00 00 00 6D 61 69 6C 2E 31 
[f179] gb.mobile DEBUG:     31 31 31 2E 64 69 6F 6E 2E 6E 65 2E 6A 70 70 6F 
[f179] gb.mobile DEBUG:     70 2E 31 31 31 31 2E 64 69 6F 6E 2E 6E 65 2E 6A 
[f179] gb.mobile DEBUG:     70 00 00 00 00 00 A9 67 7F 00 00 F0 00 00 44 49 
[f186] gb.mobile DEBUG: >>> 19 Read EEPROM (offset: 80; size: 40)
[f186] gb.mobile DEBUG: <<< 19 Read EEPROM (offset: 80)
[f186] gb.mobile DEBUG:     4F 4E 20 50 44 43 2F 43 44 4D 41 4F 4E 45 FF FF 
[f186] gb.mobile DEBUG:     FF FF FF FF FF FF 00 00 00 00 00 00 00 00 00 00 
[f186] gb.mobile DEBUG:     00 00 00 00 00 00 FF FF FF FF FF FF FF FF 00 00 
[f186] gb.mobile DEBUG:     00 00 00 00 00 00 00 00 00 00 00 00 00 00 31 AC 
[f190] gb.mobile DEBUG: >>> 11 End session
[f190] gb.mobile DEBUG: <<< 11 End session
[f190] gb.mobile DEBUG: 
[f6554] gb.mobile DEBUG: >>> 10 Start session: NINTENDO
[f6554] gb.mobile DEBUG: <<< 10 Start session: NINTENDO
[f6556] gb.mobile DEBUG: >>> 11 End session
[f6556] gb.mobile DEBUG: <<< 11 End session
[f6556] gb.mobile DEBUG: 
[f6680] gb.mobile DEBUG: >>> 10 Start session: NINTENDO
[f6680] gb.mobile DEBUG: <<< 10 Start session: NINTENDO
[f6682] gb.mobile DEBUG: >>> 19 Read EEPROM (offset: 00; size: 60)
[f6682] gb.mobile DEBUG: <<< 19 Read EEPROM (offset: 00)
[f6682] gb.mobile DEBUG:     4D 41 81 00 D2 C4 03 B7 D2 8D 70 A3 67 31 31 31 
[f6682] gb.mobile DEBUG:     31 31 31 31 31 31 00 00 00 00 00 00 00 00 00 00 
[f6682] gb.mobile DEBUG:     00 00 00 00 00 00 00 00 00 00 00 00 31 31 31 31 
[f6682] gb.mobile DEBUG:     31 31 31 31 40 31 31 31 31 2E 64 69 6F 6E 2E 6E 
[f6682] gb.mobile DEBUG:     65 2E 6A 70 00 00 00 00 00 00 6D 61 69 6C 2E 31 
[f6682] gb.mobile DEBUG:     31 31 31 2E 64 69 6F 6E 2E 6E 65 2E 6A 70 70 6F 
[f6688] gb.mobile DEBUG: >>> 19 Read EEPROM (offset: 60; size: 60)
[f6688] gb.mobile DEBUG: <<< 19 Read EEPROM (offset: 60)
[f6688] gb.mobile DEBUG:     70 2E 31 31 31 31 2E 64 69 6F 6E 2E 6E 65 2E 6A 
[f6688] gb.mobile DEBUG:     70 00 00 00 00 00 A9 67 7F 00 00 F0 00 00 44 49 
[f6688] gb.mobile DEBUG:     4F 4E 20 50 44 43 2F 43 44 4D 41 4F 4E 45 FF FF 
[f6688] gb.mobile DEBUG:     FF FF FF FF FF FF 00 00 00 00 00 00 00 00 00 00 
[f6688] gb.mobile DEBUG:     00 00 00 00 00 00 FF FF FF FF FF FF FF FF 00 00 
[f6688] gb.mobile DEBUG:     00 00 00 00 00 00 00 00 00 00 00 00 00 00 31 AC 
[f6694] gb.mobile DEBUG: >>> 11 End session
[f6694] gb.mobile DEBUG: <<< 11 End session
[f6694] gb.mobile DEBUG: 
[f6819] gb.mobile DEBUG: >>> 10 Start session: NINTENDO
[f6819] gb.mobile DEBUG: <<< 10 Start session: NINTENDO
[f6821] gb.mobile DEBUG: >>> 19 Read EEPROM (offset: 00; size: 60)
[f6821] gb.mobile DEBUG: <<< 19 Read EEPROM (offset: 00)
[f6821] gb.mobile DEBUG:     4D 41 81 00 D2 C4 03 B7 D2 8D 70 A3 67 31 31 31 
[f6821] gb.mobile DEBUG:     31 31 31 31 31 31 00 00 00 00 00 00 00 00 00 00 
[f6821] gb.mobile DEBUG:     00 00 00 00 00 00 00 00 00 00 00 00 31 31 31 31 
[f6821] gb.mobile DEBUG:     31 31 31 31 40 31 31 31 31 2E 64 69 6F 6E 2E 6E 
[f6821] gb.mobile DEBUG:     65 2E 6A 70 00 00 00 00 00 00 6D 61 69 6C 2E 31 
[f6821] gb.mobile DEBUG:     31 31 31 2E 64 69 6F 6E 2E 6E 65 2E 6A 70 70 6F 
[f6827] gb.mobile DEBUG: >>> 19 Read EEPROM (offset: 60; size: 60)
[f6827] gb.mobile DEBUG: <<< 19 Read EEPROM (offset: 60)
[f6827] gb.mobile DEBUG:     70 2E 31 31 31 31 2E 64 69 6F 6E 2E 6E 65 2E 6A 
[f6827] gb.mobile DEBUG:     70 00 00 00 00 00 A9 67 7F 00 00 F0 00 00 44 49 
[f6827] gb.mobile DEBUG:     4F 4E 20 50 44 43 2F 43 44 4D 41 4F 4E 45 FF FF 
[f6827] gb.mobile DEBUG:     FF FF FF FF FF FF 00 00 00 00 00 00 00 00 00 00 
[f6827] gb.mobile DEBUG:     00 00 00 00 00 00 FF FF FF FF FF FF FF FF 00 00 
[f6827] gb.mobile DEBUG:     00 00 00 00 00 00 00 00 00 00 00 00 00 00 31 AC 
[f6833] gb.mobile DEBUG: >>> 17 Status
[f6833] gb.mobile DEBUG: <<< 17 Status: 00 4D 00
[f6835] gb.mobile DEBUG: >>> 12 Call (prot 0): #9677
[f6835] gb.mobile DEBUG: <<< 12 Call
[f6838] gb.mobile DEBUG: >>> 21 PPP connect (id: g111111111; dns1: 210.196.3.183; dns2: 210.141.112.163)
[f6838] gb.mobile DEBUG: <<< 21 PPP connect (ip: 127.0.0.1; dns1: 0.0.0.0; dns2: 0.0.0.0)
[f6842] gb.mobile DEBUG: >>> 28 DNS request: gameboy.datacenter.ne.jp
[f6842] NET sock_open conn=0 UDP bindport=0
[f6843] NET udp send to 210.196.3.183:53 (42 bytes)
[f6843] NET dns query "gameboy.datacenter.ne.jp" -> 10.0.123.251
[f6844] NET sock_close conn=0
[f6844] gb.mobile DEBUG: <<< 28 DNS request: 10.0.123.251
[f6846] gb.mobile DEBUG: >>> 23 TCP connect: 10.0.123.251:80
[f6846] NET sock_open conn=0 TCP bindport=0
[f6847] NET sock_connect conn=0 TCP 10.0.123.251:80
[f6847] gb.mobile DEBUG: <<< 23 TCP connect (conn 0)
[f6849] gb.mobile DEBUG: >>> 15 Transfer data (conn 0)
[f6849] gb.mobile DEBUG: GET 
[f6849] gb.mobile DEBUG: <<< 15 Transfer data (conn 0)
[f6852] gb.mobile DEBUG: >>> 15 Transfer data (conn 0)
[f6852] gb.mobile DEBUG: /01/CGB-B9AJ/index.html
[f6852] gb.mobile DEBUG: <<< 15 Transfer data (conn 0)
[f6855] gb.mobile DEBUG: >>> 15 Transfer data (conn 0)
[f6855] gb.mobile DEBUG:  HTTP/1.0
User-Agent: CGB-B9AJ-00


[f6855] NET tcp:80 rx-line "GET /01/CGB-B9AJ/index.html HTTP/1.0"
[f6855] NET tcp:80 rx-line "User-Agent: CGB-B9AJ-00"
[f6855] NET tcp:80 rx-line ""
[f6855] NET http 200 for /01/CGB-B9AJ/index.html (344 bytes)
[f6855] gb.mobile DEBUG: <<< 15 Transfer data (conn 0)
[f6857] gb.mobile DEBUG: >>> 15 Transfer data (conn 0)
[f6857] gb.mobile DEBUG: <<< 15 Transfer data (conn 0)
[f6857] gb.mobile DEBUG: HTTP/1.0 200 OK
Content-Type: text/html
Content-Length: 344

<html>
<head><
[f6870] gb.mobile DEBUG: >>> 15 Transfer data (conn 0)
[f6870] gb.mobile DEBUG: <<< 15 Transfer data (conn 0)
[f6870] gb.mobile DEBUG: ra_list</a><br>
<a href="brl_out.html">brl_out</a><br>
<a href="brl_after.html"
[f6878] gb.mobile DEBUG: >>> 15 Transfer data (conn 0)
[f6878] NET sock_close conn=0
[f6878] gb.mobile DEBUG: <<< 1F Transfer data end (conn 0)
[f6934] gb.mobile DEBUG: >>> 17 Status
[f6934] gb.mobile DEBUG: <<< 17 Status: 04 4D 00
[f6990] gb.mobile DEBUG: >>> 17 Status
[f6990] gb.mobile DEBUG: <<< 17 Status: 04 4D 00
[f7048] gb.mobile DEBUG: >>> 17 Status
[f7048] gb.mobile DEBUG: <<< 17 Status: 04 4D 00
[f7104] gb.mobile DEBUG: >>> 17 Status
[f7104] gb.mobile DEBUG: <<< 17 Status: 04 4D 00
[f7160] gb.mobile DEBUG: >>> 17 Status
[f7160] gb.mobile DEBUG: <<< 17 Status: 04 4D 00
[f7216] gb.mobile DEBUG: >>> 17 Status
[f7216] gb.mobile DEBUG: <<< 17 Status: 04 4D 00
[f7272] gb.mobile DEBUG: >>> 17 Status
[f7272] gb.mobile DEBUG: <<< 17 Status: 04 4D 00
[f7328] gb.mobile DEBUG: >>> 17 Status
[f7328] gb.mobile DEBUG: <<< 17 Status: 04 4D 00
[f7384] gb.mobile DEBUG: >>> 17 Status
[f7384] gb.mobile DEBUG: <<< 17 Status: 04 4D 00
[f7440] gb.mobile DEBUG: >>> 17 Status
[f7440] gb.mobile DEBUG: <<< 17 Status: 04 4D 00
[f7496] gb.mobile DEBUG: >>> 17 Status
[f7496] gb.mobile DEBUG: <<< 17 Status: 04 4D 00
[f7552] gb.mobile DEBUG: >>> 17 Status
[f7552] gb.mobile DEBUG: <<< 17 Status: 04 4D 00
[f7608] gb.mobile DEBUG: >>> 17 Status
[f7608] gb.mobile DEBUG: <<< 17 Status: 04 4D 00
[f7664] gb.mobile DEBUG: >>> 17 Status
[f7664] gb.mobile DEBUG: <<< 17 Status: 04 4D 00
[f7720] gb.mobile DEBUG: >>> 17 Status
[f7720] gb.mobile DEBUG: <<< 17 Status: 04 4D 00
[f7776] gb.mobile DEBUG: >>> 17 Status
[f7776] gb.mobile DEBUG: <<< 17 Status: 04 4D 00
[f7832] gb.mobile DEBUG: >>> 17 Status
[f7832] gb.mobile DEBUG: <<< 17 Status: 04 4D 00
[f7888] gb.mobile DEBUG: >>> 17 Status
[f7888] gb.mobile DEBUG: <<< 17 Status: 04 4D 00
[f7944] gb.mobile DEBUG: >>> 17 Status
[f7944] gb.mobile DEBUG: <<< 17 Status: 04 4D 00
[f8000] gb.mobile DEBUG: >>> 17 Status
[f8000] gb.mobile DEBUG: <<< 17 Status: 04 4D 00
[f8056] gb.mobile DEBUG: >>> 17 Status
[f8056] gb.mobile DEBUG: <<< 17 Status: 04 4D 00
[f8112] gb.mobile DEBUG: >>> 17 Status
[f8112] gb.mobile DEBUG: <<< 17 Status: 04 4D 00
[f8168] gb.mobile DEBUG: >>> 17 Status
[f8168] gb.mobile DEBUG: <<< 17 Status: 04 4D 00
[f8224] gb.mobile DEBUG: >>> 17 Status
[f8224] gb.mobile DEBUG: <<< 17 Status: 04 4D 00
[f8280] gb.mobile DEBUG: >>> 17 Status
[f8280] gb.mobile DEBUG: <<< 17 Status: 04 4D 00
[f8336] gb.mobile DEBUG: >>> 17 Status
[f8336] gb.mobile DEBUG: <<< 17 Status: 04 4D 00
[f8392] gb.mobile DEBUG: >>> 17 Status
[f8392] gb.mobile DEBUG: <<< 17 Status: 04 4D 00
[f8448] gb.mobile DEBUG: >>> 17 Status
[f8448] gb.mobile DEBUG: <<< 17 Status: 04 4D 00
[f8504] gb.mobile DEBUG: >>> 17 Status
[f8504] gb.mobile DEBUG: <<< 17 Status: 04 4D 00
[f8560] gb.mobile DEBUG: >>> 17 Status
[f8560] gb.mobile DEBUG: <<< 17 Status: 04 4D 00
[f8616] gb.mobile DEBUG: >>> 17 Status
[f8616] gb.mobile DEBUG: <<< 17 Status: 04 4D 00
[f8672] gb.mobile DEBUG: >>> 17 Status
[f8672] gb.mobile DEBUG: <<< 17 Status: 04 4D 00
[f8728] gb.mobile DEBUG: >>> 17 Status
[f8728] gb.mobile DEBUG: <<< 17 Status: 04 4D 00
[f8784] gb.mobile DEBUG: >>> 17 Status
[f8784] gb.mobile DEBUG: <<< 17 Status: 04 4D 00
[f8840] gb.mobile DEBUG: >>> 17 Status
[f8840] gb.mobile DEBUG: <<< 17 Status: 04 4D 00
[f8896] gb.mobile DEBUG: >>> 17 Status
[f8896] gb.mobile DEBUG: <<< 17 Status: 04 4D 00
[f8952] gb.mobile DEBUG: >>> 17 Status
[f8952] gb.mobile DEBUG: <<< 17 Status: 04 4D 00
[f9008] gb.mobile DEBUG: >>> 17 Status
[f9008] gb.mobile DEBUG: <<< 17 Status: 04 4D 00
[f9064] gb.mobile DEBUG: >>> 17 Status
[f9064] gb.mobile DEBUG: <<< 17 Status: 04 4D 00
[f9120] gb.mobile DEBUG: >>> 17 Status
[f9120] gb.mobile DEBUG: <<< 17 Status: 04 4D 00
[f9176] gb.mobile DEBUG: >>> 17 Status
[f9176] gb.mobile DEBUG: <<< 17 Status: 04 4D 00
[f9232] gb.mobile DEBUG: >>> 17 Status
[f9232] gb.mobile DEBUG: <<< 17 Status: 04 4D 00
[f9288] gb.mobile DEBUG: >>> 17 Status
[f9288] gb.mobile DEBUG: <<< 17 Status: 04 4D 00
[f9344] gb.mobile DEBUG: >>> 17 Status
[f9344] gb.mobile DEBUG: <<< 17 Status: 04 4D 00
[f9400] gb.mobile DEBUG: >>> 17 Status
[f9400] gb.mobile DEBUG: <<< 17 Status: 04 4D 00
[f9456] gb.mobile DEBUG: >>> 17 Status
[f9456] gb.mobile DEBUG: <<< 17 Status: 04 4D 00
[f9512] gb.mobile DEBUG: >>> 17 Status
[f9512] gb.mobile DEBUG: <<< 17 Status: 04 4D 00
[f9570] gb.mobile DEBUG: >>> 17 Status
[f9570] gb.mobile DEBUG: <<< 17 Status: 04 4D 00
[f9626] gb.mobile DEBUG: >>> 17 Status
[f9626] gb.mobile DEBUG: <<< 17 Status: 04 4D 00
[f9682] gb.mobile DEBUG: >>> 17 Status
[f9682] gb.mobile DEBUG: <<< 17 Status: 04 4D 00
[f9738] gb.mobile DEBUG: >>> 17 Status
[f9738] gb.mobile DEBUG: <<< 17 Status: 04 4D 00
[f9795] gb.mobile DEBUG: >>> 17 Status
[f9795] gb.mobile DEBUG: <<< 17 Status: 04 4D 00
[f9851] gb.mobile DEBUG: >>> 17 Status
[f9851] gb.mobile DEBUG: <<< 17 Status: 04 4D 00
[f9907] gb.mobile DEBUG: >>> 17 Status
[f9907] gb.mobile DEBUG: <<< 17 Status: 04 4D 00
[f9963] gb.mobile DEBUG: >>> 17 Status
[f9963] gb.mobile DEBUG: <<< 17 Status: 04 4D 00
[f10019] gb.mobile DEBUG: >>> 17 Status
[f10019] gb.mobile DEBUG: <<< 17 Status: 04 4D 00
[f10075] gb.mobile DEBUG: >>> 17 Status
[f10075] gb.mobile DEBUG: <<< 17 Status: 04 4D 00
[f10131] gb.mobile DEBUG: >>> 17 Status
[f10131] gb.mobile DEBUG: <<< 17 Status: 04 4D 00
[f10187] gb.mobile DEBUG: >>> 17 Status
[f10187] gb.mobile DEBUG: <<< 17 Status: 04 4D 00
[f10244] gb.mobile DEBUG: >>> 28 DNS request: gameboy.datacenter.ne.jp
[f10244] NET sock_open conn=0 UDP bindport=0
[f10245] NET udp send to 210.196.3.183:53 (42 bytes)
[f10245] NET dns query "gameboy.datacenter.ne.jp" -> 10.0.123.251
[f10246] NET sock_close conn=0
[f10246] gb.mobile DEBUG: <<< 28 DNS request: 10.0.123.251
[f10248] gb.mobile DEBUG: >>> 23 TCP connect: 10.0.123.251:80
[f10248] NET sock_open conn=0 TCP bindport=0
[f10249] NET sock_connect conn=0 TCP 10.0.123.251:80
[f10249] gb.mobile DEBUG: <<< 23 TCP connect (conn 0)
[f10251] gb.mobile DEBUG: >>> 15 Transfer data (conn 0)
[f10251] gb.mobile DEBUG: GET 
[f10251] gb.mobile DEBUG: <<< 15 Transfer data (conn 0)
[f10254] gb.mobile DEBUG: >>> 15 Transfer data (conn 0)
[f10254] gb.mobile DEBUG: /01/CGB-B9AJ/unclosed.html
[f10254] gb.mobile DEBUG: <<< 15 Transfer data (conn 0)
[f10257] gb.mobile DEBUG: >>> 15 Transfer data (conn 0)
[f10257] gb.mobile DEBUG:  HTTP/1.0
User-Agent: CGB-B9AJ-00


[f10257] NET tcp:80 rx-line "GET /01/CGB-B9AJ/unclosed.html HTTP/1.0"
[f10257] NET tcp:80 rx-line "User-Agent: CGB-B9AJ-00"
[f10257] NET tcp:80 rx-line ""
[f10257] NET http 200 for /01/CGB-B9AJ/unclosed.html (78 bytes)
[f10257] gb.mobile DEBUG: <<< 15 Transfer data (conn 0)
[f10259] gb.mobile DEBUG: >>> 15 Transfer data (conn 0)
[f10259] gb.mobile DEBUG: <<< 15 Transfer data (conn 0)
[f10259] gb.mobile DEBUG: HTTP/1.0 200 OK
Content-Type: text/html
Content-Length: 78

<html>
<head><t
[f10267] gb.mobile DEBUG: >>> 15 Transfer data (conn 0)
[f10267] NET sock_close conn=0
[f10267] gb.mobile DEBUG: <<< 1F Transfer data end (conn 0)
[f10323] gb.mobile DEBUG: >>> 17 Status
[f10323] gb.mobile DEBUG: <<< 17 Status: 04 4D 00
[f10379] gb.mobile DEBUG: >>> 17 Status
[f10379] gb.mobile DEBUG: <<< 17 Status: 04 4D 00
[f10435] gb.mobile DEBUG: >>> 17 Status
[f10435] gb.mobile DEBUG: <<< 17 Status: 04 4D 00
[f10491] gb.mobile DEBUG: >>> 17 Status
[f10491] gb.mobile DEBUG: <<< 17 Status: 04 4D 00
[f10547] gb.mobile DEBUG: >>> 17 Status
[f10547] gb.mobile DEBUG: <<< 17 Status: 04 4D 00
[f10603] gb.mobile DEBUG: >>> 17 Status
[f10603] gb.mobile DEBUG: <<< 17 Status: 04 4D 00
[f10659] gb.mobile DEBUG: >>> 17 Status
[f10659] gb.mobile DEBUG: <<< 17 Status: 04 4D 00
[f10715] gb.mobile DEBUG: >>> 17 Status
[f10715] gb.mobile DEBUG: <<< 17 Status: 04 4D 00
[f10771] gb.mobile DEBUG: >>> 17 Status
[f10771] gb.mobile DEBUG: <<< 17 Status: 04 4D 00
[f10827] gb.mobile DEBUG: >>> 17 Status
[f10827] gb.mobile DEBUG: <<< 17 Status: 04 4D 00
[f10883] gb.mobile DEBUG: >>> 17 Status
[f10883] gb.mobile DEBUG: <<< 17 Status: 04 4D 00
[f10939] gb.mobile DEBUG: >>> 17 Status
[f10939] gb.mobile DEBUG: <<< 17 Status: 04 4D 00
[f10995] gb.mobile DEBUG: >>> 17 Status
[f10995] gb.mobile DEBUG: <<< 17 Status: 04 4D 00
[f11051] gb.mobile DEBUG: >>> 17 Status
[f11051] gb.mobile DEBUG: <<< 17 Status: 04 4D 00
[f11107] gb.mobile DEBUG: >>> 17 Status
[f11107] gb.mobile DEBUG: <<< 17 Status: 04 4D 00
[f11163] gb.mobile DEBUG: >>> 17 Status
[f11163] gb.mobile DEBUG: <<< 17 Status: 04 4D 00
[f11219] gb.mobile DEBUG: >>> 17 Status
[f11219] gb.mobile DEBUG: <<< 17 Status: 04 4D 00
[f11275] gb.mobile DEBUG: >>> 17 Status
[f11275] gb.mobile DEBUG: <<< 17 Status: 04 4D 00
[f11331] gb.mobile DEBUG: >>> 17 Status
[f11331] gb.mobile DEBUG: <<< 17 Status: 04 4D 00
[f11387] gb.mobile DEBUG: >>> 17 Status
[f11387] gb.mobile DEBUG: <<< 17 Status: 04 4D 00
[f11443] gb.mobile DEBUG: >>> 17 Status
[f11443] gb.mobile DEBUG: <<< 17 Status: 04 4D 00
[f11499] gb.mobile DEBUG: >>> 17 Status
[f11499] gb.mobile DEBUG: <<< 17 Status: 04 4D 00
[f11555] gb.mobile DEBUG: >>> 17 Status
[f11555] gb.mobile DEBUG: <<< 17 Status: 04 4D 00
[f11611] gb.mobile DEBUG: >>> 17 Status
[f11611] gb.mobile DEBUG: <<< 17 Status: 04 4D 00
[f11667] gb.mobile DEBUG: >>> 17 Status
[f11667] gb.mobile DEBUG: <<< 17 Status: 04 4D 00
[f11723] gb.mobile DEBUG: >>> 17 Status
[f11723] gb.mobile DEBUG: <<< 17 Status: 04 4D 00
[f11779] gb.mobile DEBUG: >>> 17 Status
[f11779] gb.mobile DEBUG: <<< 17 Status: 04 4D 00
[f11835] gb.mobile DEBUG: >>> 17 Status
[f11835] gb.mobile DEBUG: <<< 17 Status: 04 4D 00
[f11891] gb.mobile DEBUG: >>> 17 Status
[f11891] gb.mobile DEBUG: <<< 17 Status: 04 4D 00
[f11947] gb.mobile DEBUG: >>> 17 Status
[f11947] gb.mobile DEBUG: <<< 17 Status: 04 4D 00
[f12003] gb.mobile DEBUG: >>> 17 Status
[f12003] gb.mobile DEBUG: <<< 17 Status: 04 4D 00
[f12059] gb.mobile DEBUG: >>> 17 Status
[f12059] gb.mobile DEBUG: <<< 17 Status: 04 4D 00
[f12115] gb.mobile DEBUG: >>> 17 Status
[f12115] gb.mobile DEBUG: <<< 17 Status: 04 4D 00
[f12171] gb.mobile DEBUG: >>> 17 Status
[f12171] gb.mobile DEBUG: <<< 17 Status: 04 4D 00
[f12227] gb.mobile DEBUG: >>> 17 Status
[f12227] gb.mobile DEBUG: <<< 17 Status: 04 4D 00
[f12283] gb.mobile DEBUG: >>> 17 Status
[f12283] gb.mobile DEBUG: <<< 17 Status: 04 4D 00
[f12339] gb.mobile DEBUG: >>> 17 Status
[f12339] gb.mobile DEBUG: <<< 17 Status: 04 4D 00
[f12395] gb.mobile DEBUG: >>> 17 Status
[f12395] gb.mobile DEBUG: <<< 17 Status: 04 4D 00
[f12451] gb.mobile DEBUG: >>> 17 Status
[f12451] gb.mobile DEBUG: <<< 17 Status: 04 4D 00
[f12507] gb.mobile DEBUG: >>> 17 Status
[f12507] gb.mobile DEBUG: <<< 17 Status: 04 4D 00
[f12563] gb.mobile DEBUG: >>> 17 Status
[f12563] gb.mobile DEBUG: <<< 17 Status: 04 4D 00
[f12619] gb.mobile DEBUG: >>> 17 Status
[f12619] gb.mobile DEBUG: <<< 17 Status: 04 4D 00
[f12675] gb.mobile DEBUG: >>> 17 Status
[f12675] gb.mobile DEBUG: <<< 17 Status: 04 4D 00
[f12731] gb.mobile DEBUG: >>> 17 Status
[f12731] gb.mobile DEBUG: <<< 17 Status: 04 4D 00
[f12787] gb.mobile DEBUG: >>> 17 Status
[f12787] gb.mobile DEBUG: <<< 17 Status: 04 4D 00
[f12843] gb.mobile DEBUG: >>> 17 Status
[f12843] gb.mobile DEBUG: <<< 17 Status: 04 4D 00
[f12899] gb.mobile DEBUG: >>> 17 Status
[f12899] gb.mobile DEBUG: <<< 17 Status: 04 4D 00
[f12955] gb.mobile DEBUG: >>> 17 Status
[f12955] gb.mobile DEBUG: <<< 17 Status: 04 4D 00
[f13011] gb.mobile DEBUG: >>> 17 Status
[f13011] gb.mobile DEBUG: <<< 17 Status: 04 4D 00
[f13067] gb.mobile DEBUG: >>> 17 Status
[f13067] gb.mobile DEBUG: <<< 17 Status: 04 4D 00
[f13123] gb.mobile DEBUG: >>> 17 Status
[f13123] gb.mobile DEBUG: <<< 17 Status: 04 4D 00
[f13179] gb.mobile DEBUG: >>> 17 Status
[f13179] gb.mobile DEBUG: <<< 17 Status: 04 4D 00
[f13235] gb.mobile DEBUG: >>> 17 Status
[f13235] gb.mobile DEBUG: <<< 17 Status: 04 4D 00
[f13291] gb.mobile DEBUG: >>> 17 Status
[f13291] gb.mobile DEBUG: <<< 17 Status: 04 4D 00
[f13347] gb.mobile DEBUG: >>> 17 Status
[f13347] gb.mobile DEBUG: <<< 17 Status: 04 4D 00
[f13403] gb.mobile DEBUG: >>> 17 Status
[f13403] gb.mobile DEBUG: <<< 17 Status: 04 4D 00
[f13459] gb.mobile DEBUG: >>> 17 Status
[f13459] gb.mobile DEBUG: <<< 17 Status: 04 4D 00
[f13515] gb.mobile DEBUG: >>> 17 Status
[f13515] gb.mobile DEBUG: <<< 17 Status: 04 4D 00
[f13571] gb.mobile DEBUG: >>> 17 Status
[f13571] gb.mobile DEBUG: <<< 17 Status: 04 4D 00
[f13627] gb.mobile DEBUG: >>> 17 Status
[f13627] gb.mobile DEBUG: <<< 17 Status: 04 4D 00
[f13683] gb.mobile DEBUG: >>> 17 Status
[f13683] gb.mobile DEBUG: <<< 17 Status: 04 4D 00
[f13739] gb.mobile DEBUG: >>> 17 Status
[f13739] gb.mobile DEBUG: <<< 17 Status: 04 4D 00
[f13795] gb.mobile DEBUG: >>> 17 Status
[f13795] gb.mobile DEBUG: <<< 17 Status: 04 4D 00
[f13851] gb.mobile DEBUG: >>> 17 Status
[f13851] gb.mobile DEBUG: <<< 17 Status: 04 4D 00
[f13907] gb.mobile DEBUG: >>> 17 Status
[f13907] gb.mobile DEBUG: <<< 17 Status: 04 4D 00
[f13963] gb.mobile DEBUG: >>> 17 Status
[f13963] gb.mobile DEBUG: <<< 17 Status: 04 4D 00
[f14019] gb.mobile DEBUG: >>> 17 Status
[f14019] gb.mobile DEBUG: <<< 17 Status: 04 4D 00
[f14075] gb.mobile DEBUG: >>> 17 Status
[f14075] gb.mobile DEBUG: <<< 17 Status: 04 4D 00
[f14131] gb.mobile DEBUG: >>> 17 Status
[f14131] gb.mobile DEBUG: <<< 17 Status: 04 4D 00
[f14187] gb.mobile DEBUG: >>> 17 Status
[f14187] gb.mobile DEBUG: <<< 17 Status: 04 4D 00
[f14243] gb.mobile DEBUG: >>> 17 Status
[f14243] gb.mobile DEBUG: <<< 17 Status: 04 4D 00
[f14299] gb.mobile DEBUG: >>> 17 Status
[f14299] gb.mobile DEBUG: <<< 17 Status: 04 4D 00
[f14355] gb.mobile DEBUG: >>> 17 Status
[f14355] gb.mobile DEBUG: <<< 17 Status: 04 4D 00
[f14411] gb.mobile DEBUG: >>> 17 Status
[f14411] gb.mobile DEBUG: <<< 17 Status: 04 4D 00
[f14467] gb.mobile DEBUG: >>> 17 Status
[f14467] gb.mobile DEBUG: <<< 17 Status: 04 4D 00
[f14523] gb.mobile DEBUG: >>> 17 Status
[f14523] gb.mobile DEBUG: <<< 17 Status: 04 4D 00
[f14579] gb.mobile DEBUG: >>> 17 Status
[f14579] gb.mobile DEBUG: <<< 17 Status: 04 4D 00
[f14635] gb.mobile DEBUG: >>> 17 Status
[f14635] gb.mobile DEBUG: <<< 17 Status: 04 4D 00
[f14691] gb.mobile DEBUG: >>> 17 Status
[f14691] gb.mobile DEBUG: <<< 17 Status: 04 4D 00
[f14747] gb.mobile DEBUG: >>> 17 Status
[f14747] gb.mobile DEBUG: <<< 17 Status: 04 4D 00
[f14803] gb.mobile DEBUG: >>> 17 Status
[f14803] gb.mobile DEBUG: <<< 17 Status: 04 4D 00
[f14859] gb.mobile DEBUG: >>> 17 Status
[f14859] gb.mobile DEBUG: <<< 17 Status: 04 4D 00
[f14915] gb.mobile DEBUG: >>> 17 Status
[f14915] gb.mobile DEBUG: <<< 17 Status: 04 4D 00
[f14971] gb.mobile DEBUG: >>> 17 Status
[f14971] gb.mobile DEBUG: <<< 17 Status: 04 4D 00
[f15027] gb.mobile DEBUG: >>> 17 Status
[f15027] gb.mobile DEBUG: <<< 17 Status: 04 4D 00
[f15083] gb.mobile DEBUG: >>> 17 Status
[f15083] gb.mobile DEBUG: <<< 17 Status: 04 4D 00
[f15139] gb.mobile DEBUG: >>> 17 Status
[f15139] gb.mobile DEBUG: <<< 17 Status: 04 4D 00
[f15195] gb.mobile DEBUG: >>> 17 Status
[f15195] gb.mobile DEBUG: <<< 17 Status: 04 4D 00
[f15251] gb.mobile DEBUG: >>> 17 Status
[f15251] gb.mobile DEBUG: <<< 17 Status: 04 4D 00
[f15307] gb.mobile DEBUG: >>> 17 Status
[f15307] gb.mobile DEBUG: <<< 17 Status: 04 4D 00
[f15363] gb.mobile DEBUG: >>> 17 Status
[f15363] gb.mobile DEBUG: <<< 17 Status: 04 4D 00
[f15419] gb.mobile DEBUG: >>> 17 Status
[f15419] gb.mobile DEBUG: <<< 17 Status: 04 4D 00
[f15475] gb.mobile DEBUG: >>> 17 Status
[f15475] gb.mobile DEBUG: <<< 17 Status: 04 4D 00
[f15531] gb.mobile DEBUG: >>> 17 Status
[f15531] gb.mobile DEBUG: <<< 17 Status: 04 4D 00
[f15587] gb.mobile DEBUG: >>> 17 Status
[f15587] gb.mobile DEBUG: <<< 17 Status: 04 4D 00
[f15643] gb.mobile DEBUG: >>> 17 Status
[f15643] gb.mobile DEBUG: <<< 17 Status: 04 4D 00
[f15699] gb.mobile DEBUG: >>> 17 Status
[f15699] gb.mobile DEBUG: <<< 17 Status: 04 4D 00
[f15755] gb.mobile DEBUG: >>> 17 Status
[f15755] gb.mobile DEBUG: <<< 17 Status: 04 4D 00
