[f0] HARNESS Mobile Adapter attached to the link port
[f0] HARNESS console reset (power cycle)
[f51] gb.mobile DEBUG: >>> 10 Start session: NINTENDO
[f51] gb.mobile DEBUG: <<< 10 Start session: NINTENDO
[f53] gb.mobile DEBUG: >>> 11 End session
[f53] gb.mobile DEBUG: <<< 11 End session
[f53] gb.mobile DEBUG: 
[f177] gb.mobile DEBUG: >>> 10 Start session: NINTENDO
[f177] gb.mobile DEBUG: <<< 10 Start session: NINTENDO
[f179] gb.mobile DEBUG: >>> 19 Read EEPROM (offset: 00; size: 80)
[f179] gb.mobile DEBUG: <<< 19 Read EEPROM (offset: 00)
[f179] gb.mobile DEBUG:     4D 41 81 00 D2 C4 03 B7 D2 8D 70 A3 67 31 31 31 
[f179] gb.mobile DEBUG:     31 31 31 31 31 31 00 00 00 00 00 00 00 00 00 00 
[f179] gb.mobile DEBUG:     00 00 00 00 00 00 00 00 00 00 00 00 31 31 31 31 
[f179] gb.mobile DEBUG:     31 31 31 31 40 31 31 31 31 2E 64 69 6F 6E 2E 6E 
[f179] gb.mobile DEBUG:     65 2E 6A 70 00 00 00 00 00 00 6D 61 69 6C 2E 31 
[f179] gb.mobile DEBUG:     31 31 31 2E 64 69 6F 6E 2E 6E 65 2E 6A 70 70 6F 
[f179] gb.mobile DEBUG:     70 2E 31 31 31 31 2E 64 69 6F 6E 2E 6E 65 2E 6A 
[f179] gb.mobile DEBUG:     70 00 00 00 00 00 A9 67 7F 00 00 F0 00 00 44 49 
[f186] gb.mobile DEBUG: >>> 19 Read EEPROM (offset: 80; size: 40)
[f186] gb.mobile DEBUG: <<< 19 Read EEPROM (offset: 80)
[f186] gb.mobile DEBUG:     4F 4E 20 50 44 43 2F 43 44 4D 41 4F 4E 45 FF FF 
[f186] gb.mobile DEBUG:     FF FF FF FF FF FF 00 00 00 00 00 00 00 00 00 00 
[f186] gb.mobile DEBUG:     00 00 00 00 00 00 FF FF FF FF FF FF FF FF 00 00 
[f186] gb.mobile DEBUG:     00 00 00 00 00 00 00 00 00 00 00 00 00 00 31 AC 
[f190] gb.mobile DEBUG: >>> 11 End session
[f190] gb.mobile DEBUG: <<< 11 End session
[f190] gb.mobile DEBUG: 
[f460] HARNESS FORCED far call 23:58C5 (interrupted pc 0454)
[f700] HARNESS console reset (power cycle)
[f751] gb.mobile DEBUG: >>> 10 Start session: NINTENDO
[f751] gb.mobile DEBUG: <<< 10 Start session: NINTENDO
[f753] gb.mobile DEBUG: >>> 11 End session
[f753] gb.mobile DEBUG: <<< 11 End session
[f753] gb.mobile DEBUG: 
[f877] gb.mobile DEBUG: >>> 10 Start session: NINTENDO
[f877] gb.mobile DEBUG: <<< 10 Start session: NINTENDO
[f879] gb.mobile DEBUG: >>> 19 Read EEPROM (offset: 00; size: 80)
[f879] gb.mobile DEBUG: <<< 19 Read EEPROM (offset: 00)
[f879] gb.mobile DEBUG:     4D 41 81 00 D2 C4 03 B7 D2 8D 70 A3 67 31 31 31 
[f879] gb.mobile DEBUG:     31 31 31 31 31 31 00 00 00 00 00 00 00 00 00 00 
[f879] gb.mobile DEBUG:     00 00 00 00 00 00 00 00 00 00 00 00 31 31 31 31 
[f879] gb.mobile DEBUG:     31 31 31 31 40 31 31 31 31 2E 64 69 6F 6E 2E 6E 
[f879] gb.mobile DEBUG:     65 2E 6A 70 00 00 00 00 00 00 6D 61 69 6C 2E 31 
[f879] gb.mobile DEBUG:     31 31 31 2E 64 69 6F 6E 2E 6E 65 2E 6A 70 70 6F 
[f879] gb.mobile DEBUG:     70 2E 31 31 31 31 2E 64 69 6F 6E 2E 6E 65 2E 6A 
[f879] gb.mobile DEBUG:     70 00 00 00 00 00 A9 67 7F 00 00 F0 00 00 44 49 
[f886] gb.mobile DEBUG: >>> 19 Read EEPROM (offset: 80; size: 40)
[f886] gb.mobile DEBUG: <<< 19 Read EEPROM (offset: 80)
[f886] gb.mobile DEBUG:     4F 4E 20 50 44 43 2F 43 44 4D 41 4F 4E 45 FF FF 
[f886] gb.mobile DEBUG:     FF FF FF FF FF FF 00 00 00 00 00 00 00 00 00 00 
[f886] gb.mobile DEBUG:     00 00 00 00 00 00 FF FF FF FF FF FF FF FF 00 00 
[f886] gb.mobile DEBUG:     00 00 00 00 00 00 00 00 00 00 00 00 00 00 31 AC 
[f890] gb.mobile DEBUG: >>> 11 End session
[f890] gb.mobile DEBUG: <<< 11 End session
[f890] gb.mobile DEBUG: 
[f1160] HARNESS FORCED far call 23:5FA3 (interrupted pc 0454)
[f1400] HARNESS console reset (power cycle)
[f1451] gb.mobile DEBUG: >>> 10 Start session: NINTENDO
[f1451] gb.mobile DEBUG: <<< 10 Start session: NINTENDO
[f1453] gb.mobile DEBUG: >>> 11 End session
[f1453] gb.mobile DEBUG: <<< 11 End session
[f1453] gb.mobile DEBUG: 
[f1577] gb.mobile DEBUG: >>> 10 Start session: NINTENDO
[f1577] gb.mobile DEBUG: <<< 10 Start session: NINTENDO
[f1579] gb.mobile DEBUG: >>> 19 Read EEPROM (offset: 00; size: 80)
[f1579] gb.mobile DEBUG: <<< 19 Read EEPROM (offset: 00)
[f1579] gb.mobile DEBUG:     4D 41 81 00 D2 C4 03 B7 D2 8D 70 A3 67 31 31 31 
[f1579] gb.mobile DEBUG:     31 31 31 31 31 31 00 00 00 00 00 00 00 00 00 00 
[f1579] gb.mobile DEBUG:     00 00 00 00 00 00 00 00 00 00 00 00 31 31 31 31 
[f1579] gb.mobile DEBUG:     31 31 31 31 40 31 31 31 31 2E 64 69 6F 6E 2E 6E 
[f1579] gb.mobile DEBUG:     65 2E 6A 70 00 00 00 00 00 00 6D 61 69 6C 2E 31 
[f1579] gb.mobile DEBUG:     31 31 31 2E 64 69 6F 6E 2E 6E 65 2E 6A 70 70 6F 
[f1579] gb.mobile DEBUG:     70 2E 31 31 31 31 2E 64 69 6F 6E 2E 6E 65 2E 6A 
[f1579] gb.mobile DEBUG:     70 00 00 00 00 00 A9 67 7F 00 00 F0 00 00 44 49 
[f1586] gb.mobile DEBUG: >>> 19 Read EEPROM (offset: 80; size: 40)
[f1586] gb.mobile DEBUG: <<< 19 Read EEPROM (offset: 80)
[f1586] gb.mobile DEBUG:     4F 4E 20 50 44 43 2F 43 44 4D 41 4F 4E 45 FF FF 
[f1586] gb.mobile DEBUG:     FF FF FF FF FF FF 00 00 00 00 00 00 00 00 00 00 
[f1586] gb.mobile DEBUG:     00 00 00 00 00 00 FF FF FF FF FF FF FF FF 00 00 
[f1586] gb.mobile DEBUG:     00 00 00 00 00 00 00 00 00 00 00 00 00 00 31 AC 
[f1590] gb.mobile DEBUG: >>> 11 End session
[f1590] gb.mobile DEBUG: <<< 11 End session
[f1590] gb.mobile DEBUG: 
[f1860] HARNESS FORCED far call 23:669A (interrupted pc 0454)
[f2100] HARNESS console reset (power cycle)
[f2151] gb.mobile DEBUG: >>> 10 Start session: NINTENDO
[f2151] gb.mobile DEBUG: <<< 10 Start session: NINTENDO
[f2153] gb.mobile DEBUG: >>> 11 End session
[f2153] gb.mobile DEBUG: <<< 11 End session
[f2153] gb.mobile DEBUG: 
[f2277] gb.mobile DEBUG: >>> 10 Start session: NINTENDO
[f2277] gb.mobile DEBUG: <<< 10 Start session: NINTENDO
[f2279] gb.mobile DEBUG: >>> 19 Read EEPROM (offset: 00; size: 80)
[f2279] gb.mobile DEBUG: <<< 19 Read EEPROM (offset: 00)
[f2279] gb.mobile DEBUG:     4D 41 81 00 D2 C4 03 B7 D2 8D 70 A3 67 31 31 31 
[f2279] gb.mobile DEBUG:     31 31 31 31 31 31 00 00 00 00 00 00 00 00 00 00 
[f2279] gb.mobile DEBUG:     00 00 00 00 00 00 00 00 00 00 00 00 31 31 31 31 
[f2279] gb.mobile DEBUG:     31 31 31 31 40 31 31 31 31 2E 64 69 6F 6E 2E 6E 
[f2279] gb.mobile DEBUG:     65 2E 6A 70 00 00 00 00 00 00 6D 61 69 6C 2E 31 
[f2279] gb.mobile DEBUG:     31 31 31 2E 64 69 6F 6E 2E 6E 65 2E 6A 70 70 6F 
[f2279] gb.mobile DEBUG:     70 2E 31 31 31 31 2E 64 69 6F 6E 2E 6E 65 2E 6A 
[f2279] gb.mobile DEBUG:     70 00 00 00 00 00 A9 67 7F 00 00 F0 00 00 44 49 
[f2286] gb.mobile DEBUG: >>> 19 Read EEPROM (offset: 80; size: 40)
[f2286] gb.mobile DEBUG: <<< 19 Read EEPROM (offset: 80)
[f2286] gb.mobile DEBUG:     4F 4E 20 50 44 43 2F 43 44 4D 41 4F 4E 45 FF FF 
[f2286] gb.mobile DEBUG:     FF FF FF FF FF FF 00 00 00 00 00 00 00 00 00 00 
[f2286] gb.mobile DEBUG:     00 00 00 00 00 00 FF FF FF FF FF FF FF FF 00 00 
[f2286] gb.mobile DEBUG:     00 00 00 00 00 00 00 00 00 00 00 00 00 00 31 AC 
[f2290] gb.mobile DEBUG: >>> 11 End session
[f2290] gb.mobile DEBUG: <<< 11 End session
[f2290] gb.mobile DEBUG: 
[f2560] HARNESS FORCED far call 22:48CD (interrupted pc 0454)
[f2800] HARNESS console reset (power cycle)
[f2851] gb.mobile DEBUG: >>> 10 Start session: NINTENDO
[f2851] gb.mobile DEBUG: <<< 10 Start session: NINTENDO
[f2853] gb.mobile DEBUG: >>> 11 End session
[f2853] gb.mobile DEBUG: <<< 11 End session
[f2853] gb.mobile DEBUG: 
[f2977] gb.mobile DEBUG: >>> 10 Start session: NINTENDO
[f2977] gb.mobile DEBUG: <<< 10 Start session: NINTENDO
[f2979] gb.mobile DEBUG: >>> 19 Read EEPROM (offset: 00; size: 80)
[f2979] gb.mobile DEBUG: <<< 19 Read EEPROM (offset: 00)
[f2979] gb.mobile DEBUG:     4D 41 81 00 D2 C4 03 B7 D2 8D 70 A3 67 31 31 31 
[f2979] gb.mobile DEBUG:     31 31 31 31 31 31 00 00 00 00 00 00 00 00 00 00 
[f2979] gb.mobile DEBUG:     00 00 00 00 00 00 00 00 00 00 00 00 31 31 31 31 
[f2979] gb.mobile DEBUG:     31 31 31 31 40 31 31 31 31 2E 64 69 6F 6E 2E 6E 
[f2979] gb.mobile DEBUG:     65 2E 6A 70 00 00 00 00 00 00 6D 61 69 6C 2E 31 
[f2979] gb.mobile DEBUG:     31 31 31 2E 64 69 6F 6E 2E 6E 65 2E 6A 70 70 6F 
[f2979] gb.mobile DEBUG:     70 2E 31 31 31 31 2E 64 69 6F 6E 2E 6E 65 2E 6A 
[f2979] gb.mobile DEBUG:     70 00 00 00 00 00 A9 67 7F 00 00 F0 00 00 44 49 
[f2986] gb.mobile DEBUG: >>> 19 Read EEPROM (offset: 80; size: 40)
[f2986] gb.mobile DEBUG: <<< 19 Read EEPROM (offset: 80)
[f2986] gb.mobile DEBUG:     4F 4E 20 50 44 43 2F 43 44 4D 41 4F 4E 45 FF FF 
[f2986] gb.mobile DEBUG:     FF FF FF FF FF FF 00 00 00 00 00 00 00 00 00 00 
[f2986] gb.mobile DEBUG:     00 00 00 00 00 00 FF FF FF FF FF FF FF FF 00 00 
[f2986] gb.mobile DEBUG:     00 00 00 00 00 00 00 00 00 00 00 00 00 00 31 AC 
[f2990] gb.mobile DEBUG: >>> 11 End session
[f2990] gb.mobile DEBUG: <<< 11 End session
[f2990] gb.mobile DEBUG: 
[f3260] HARNESS FORCED far call 23:47BC (interrupted pc 0454)
[f3500] HARNESS console reset (power cycle)
[f3551] gb.mobile DEBUG: >>> 10 Start session: NINTENDO
[f3551] gb.mobile DEBUG: <<< 10 Start session: NINTENDO
[f3553] gb.mobile DEBUG: >>> 11 End session
[f3553] gb.mobile DEBUG: <<< 11 End session
[f3553] gb.mobile DEBUG: 
[f3677] gb.mobile DEBUG: >>> 10 Start session: NINTENDO
[f3677] gb.mobile DEBUG: <<< 10 Start session: NINTENDO
[f3679] gb.mobile DEBUG: >>> 19 Read EEPROM (offset: 00; size: 80)
[f3679] gb.mobile DEBUG: <<< 19 Read EEPROM (offset: 00)
[f3679] gb.mobile DEBUG:     4D 41 81 00 D2 C4 03 B7 D2 8D 70 A3 67 31 31 31 
[f3679] gb.mobile DEBUG:     31 31 31 31 31 31 00 00 00 00 00 00 00 00 00 00 
[f3679] gb.mobile DEBUG:     00 00 00 00 00 00 00 00 00 00 00 00 31 31 31 31 
[f3679] gb.mobile DEBUG:     31 31 31 31 40 31 31 31 31 2E 64 69 6F 6E 2E 6E 
[f3679] gb.mobile DEBUG:     65 2E 6A 70 00 00 00 00 00 00 6D 61 69 6C 2E 31 
[f3679] gb.mobile DEBUG:     31 31 31 2E 64 69 6F 6E 2E 6E 65 2E 6A 70 70 6F 
[f3679] gb.mobile DEBUG:     70 2E 31 31 31 31 2E 64 69 6F 6E 2E 6E 65 2E 6A 
[f3679] gb.mobile DEBUG:     70 00 00 00 00 00 A9 67 7F 00 00 F0 00 00 44 49 
[f3686] gb.mobile DEBUG: >>> 19 Read EEPROM (offset: 80; size: 40)
[f3686] gb.mobile DEBUG: <<< 19 Read EEPROM (offset: 80)
[f3686] gb.mobile DEBUG:     4F 4E 20 50 44 43 2F 43 44 4D 41 4F 4E 45 FF FF 
[f3686] gb.mobile DEBUG:     FF FF FF FF FF FF 00 00 00 00 00 00 00 00 00 00 
[f3686] gb.mobile DEBUG:     00 00 00 00 00 00 FF FF FF FF FF FF FF FF 00 00 
[f3686] gb.mobile DEBUG:     00 00 00 00 00 00 00 00 00 00 00 00 00 00 31 AC 
[f3690] gb.mobile DEBUG: >>> 11 End session
[f3690] gb.mobile DEBUG: <<< 11 End session
[f3690] gb.mobile DEBUG: 
[f3960] HARNESS FORCED far call 2C:741C (interrupted pc 0454)
[f4542] HARNESS console reset (power cycle)
[f4593] gb.mobile DEBUG: >>> 10 Start session: NINTENDO
[f4593] gb.mobile DEBUG: <<< 10 Start session: NINTENDO
[f4595] gb.mobile DEBUG: >>> 11 End session
[f4595] gb.mobile DEBUG: <<< 11 End session
[f4595] gb.mobile DEBUG: 
[f4719] gb.mobile DEBUG: >>> 10 Start session: NINTENDO
[f4719] gb.mobile DEBUG: <<< 10 Start session: NINTENDO
[f4721] gb.mobile DEBUG: >>> 19 Read EEPROM (offset: 00; size: 80)
[f4721] gb.mobile DEBUG: <<< 19 Read EEPROM (offset: 00)
[f4721] gb.mobile DEBUG:     4D 41 81 00 D2 C4 03 B7 D2 8D 70 A3 67 31 31 31 
[f4721] gb.mobile DEBUG:     31 31 31 31 31 31 00 00 00 00 00 00 00 00 00 00 
[f4721] gb.mobile DEBUG:     00 00 00 00 00 00 00 00 00 00 00 00 31 31 31 31 
[f4721] gb.mobile DEBUG:     31 31 31 31 40 31 31 31 31 2E 64 69 6F 6E 2E 6E 
[f4721] gb.mobile DEBUG:     65 2E 6A 70 00 00 00 00 00 00 6D 61 69 6C 2E 31 
[f4721] gb.mobile DEBUG:     31 31 31 2E 64 69 6F 6E 2E 6E 65 2E 6A 70 70 6F 
[f4721] gb.mobile DEBUG:     70 2E 31 31 31 31 2E 64 69 6F 6E 2E 6E 65 2E 6A 
[f4721] gb.mobile DEBUG:     70 00 00 00 00 00 A9 67 7F 00 00 F0 00 00 44 49 
[f4728] gb.mobile DEBUG: >>> 19 Read EEPROM (offset: 80; size: 40)
[f4728] gb.mobile DEBUG: <<< 19 Read EEPROM (offset: 80)
[f4728] gb.mobile DEBUG:     4F 4E 20 50 44 43 2F 43 44 4D 41 4F 4E 45 FF FF 
[f4728] gb.mobile DEBUG:     FF FF FF FF FF FF 00 00 00 00 00 00 00 00 00 00 
[f4728] gb.mobile DEBUG:     00 00 00 00 00 00 FF FF FF FF FF FF FF FF 00 00 
[f4728] gb.mobile DEBUG:     00 00 00 00 00 00 00 00 00 00 00 00 00 00 31 AC 
[f4732] gb.mobile DEBUG: >>> 11 End session
[f4732] gb.mobile DEBUG: <<< 11 End session
[f4732] gb.mobile DEBUG: 
[f5002] HARNESS FORCED far call 2B:6CF5 (interrupted pc 0454)
[f5242] HARNESS console reset (power cycle)
[f5293] gb.mobile DEBUG: >>> 10 Start session: NINTENDO
[f5293] gb.mobile DEBUG: <<< 10 Start session: NINTENDO
[f5295] gb.mobile DEBUG: >>> 11 End session
[f5295] gb.mobile DEBUG: <<< 11 End session
[f5295] gb.mobile DEBUG: 
[f5419] gb.mobile DEBUG: >>> 10 Start session: NINTENDO
[f5419] gb.mobile DEBUG: <<< 10 Start session: NINTENDO
[f5421] gb.mobile DEBUG: >>> 19 Read EEPROM (offset: 00; size: 80)
[f5421] gb.mobile DEBUG: <<< 19 Read EEPROM (offset: 00)
[f5421] gb.mobile DEBUG:     4D 41 81 00 D2 C4 03 B7 D2 8D 70 A3 67 31 31 31 
[f5421] gb.mobile DEBUG:     31 31 31 31 31 31 00 00 00 00 00 00 00 00 00 00 
[f5421] gb.mobile DEBUG:     00 00 00 00 00 00 00 00 00 00 00 00 31 31 31 31 
[f5421] gb.mobile DEBUG:     31 31 31 31 40 31 31 31 31 2E 64 69 6F 6E 2E 6E 
[f5421] gb.mobile DEBUG:     65 2E 6A 70 00 00 00 00 00 00 6D 61 69 6C 2E 31 
[f5421] gb.mobile DEBUG:     31 31 31 2E 64 69 6F 6E 2E 6E 65 2E 6A 70 70 6F 
[f5421] gb.mobile DEBUG:     70 2E 31 31 31 31 2E 64 69 6F 6E 2E 6E 65 2E 6A 
[f5421] gb.mobile DEBUG:     70 00 00 00 00 00 A9 67 7F 00 00 F0 00 00 44 49 
[f5428] gb.mobile DEBUG: >>> 19 Read EEPROM (offset: 80; size: 40)
[f5428] gb.mobile DEBUG: <<< 19 Read EEPROM (offset: 80)
[f5428] gb.mobile DEBUG:     4F 4E 20 50 44 43 2F 43 44 4D 41 4F 4E 45 FF FF 
[f5428] gb.mobile DEBUG:     FF FF FF FF FF FF 00 00 00 00 00 00 00 00 00 00 
[f5428] gb.mobile DEBUG:     00 00 00 00 00 00 FF FF FF FF FF FF FF FF 00 00 
[f5428] gb.mobile DEBUG:     00 00 00 00 00 00 00 00 00 00 00 00 00 00 31 AC 
[f5432] gb.mobile DEBUG: >>> 11 End session
[f5432] gb.mobile DEBUG: <<< 11 End session
[f5432] gb.mobile DEBUG: 
[f5702] HARNESS FORCED far call 67:424A (interrupted pc 0454)
[f5942] HARNESS console reset (power cycle)
[f5993] gb.mobile DEBUG: >>> 10 Start session: NINTENDO
[f5993] gb.mobile DEBUG: <<< 10 Start session: NINTENDO
[f5995] gb.mobile DEBUG: >>> 11 End session
[f5995] gb.mobile DEBUG: <<< 11 End session
[f5995] gb.mobile DEBUG: 
[f6119] gb.mobile DEBUG: >>> 10 Start session: NINTENDO
[f6119] gb.mobile DEBUG: <<< 10 Start session: NINTENDO
[f6121] gb.mobile DEBUG: >>> 19 Read EEPROM (offset: 00; size: 80)
[f6121] gb.mobile DEBUG: <<< 19 Read EEPROM (offset: 00)
[f6121] gb.mobile DEBUG:     4D 41 81 00 D2 C4 03 B7 D2 8D 70 A3 67 31 31 31 
[f6121] gb.mobile DEBUG:     31 31 31 31 31 31 00 00 00 00 00 00 00 00 00 00 
[f6121] gb.mobile DEBUG:     00 00 00 00 00 00 00 00 00 00 00 00 31 31 31 31 
[f6121] gb.mobile DEBUG:     31 31 31 31 40 31 31 31 31 2E 64 69 6F 6E 2E 6E 
[f6121] gb.mobile DEBUG:     65 2E 6A 70 00 00 00 00 00 00 6D 61 69 6C 2E 31 
[f6121] gb.mobile DEBUG:     31 31 31 2E 64 69 6F 6E 2E 6E 65 2E 6A 70 70 6F 
[f6121] gb.mobile DEBUG:     70 2E 31 31 31 31 2E 64 69 6F 6E 2E 6E 65 2E 6A 
[f6121] gb.mobile DEBUG:     70 00 00 00 00 00 A9 67 7F 00 00 F0 00 00 44 49 
[f6128] gb.mobile DEBUG: >>> 19 Read EEPROM (offset: 80; size: 40)
[f6128] gb.mobile DEBUG: <<< 19 Read EEPROM (offset: 80)
[f6128] gb.mobile DEBUG:     4F 4E 20 50 44 43 2F 43 44 4D 41 4F 4E 45 FF FF 
[f6128] gb.mobile DEBUG:     FF FF FF FF FF FF 00 00 00 00 00 00 00 00 00 00 
[f6128] gb.mobile DEBUG:     00 00 00 00 00 00 FF FF FF FF FF FF FF FF 00 00 
[f6128] gb.mobile DEBUG:     00 00 00 00 00 00 00 00 00 00 00 00 00 00 31 AC 
[f6132] gb.mobile DEBUG: >>> 11 End session
[f6132] gb.mobile DEBUG: <<< 11 End session
[f6132] gb.mobile DEBUG: 
[f6402] HARNESS FORCED far call 29:5117 (interrupted pc 0454)
[f6642] HARNESS console reset (power cycle)
[f6693] gb.mobile DEBUG: >>> 10 Start session: NINTENDO
[f6693] gb.mobile DEBUG: <<< 10 Start session: NINTENDO
[f6695] gb.mobile DEBUG: >>> 11 End session
[f6695] gb.mobile DEBUG: <<< 11 End session
[f6695] gb.mobile DEBUG: 
[f6819] gb.mobile DEBUG: >>> 10 Start session: NINTENDO
[f6819] gb.mobile DEBUG: <<< 10 Start session: NINTENDO
[f6821] gb.mobile DEBUG: >>> 19 Read EEPROM (offset: 00; size: 80)
[f6821] gb.mobile DEBUG: <<< 19 Read EEPROM (offset: 00)
[f6821] gb.mobile DEBUG:     4D 41 81 00 D2 C4 03 B7 D2 8D 70 A3 67 31 31 31 
[f6821] gb.mobile DEBUG:     31 31 31 31 31 31 00 00 00 00 00 00 00 00 00 00 
[f6821] gb.mobile DEBUG:     00 00 00 00 00 00 00 00 00 00 00 00 31 31 31 31 
[f6821] gb.mobile DEBUG:     31 31 31 31 40 31 31 31 31 2E 64 69 6F 6E 2E 6E 
[f6821] gb.mobile DEBUG:     65 2E 6A 70 00 00 00 00 00 00 6D 61 69 6C 2E 31 
[f6821] gb.mobile DEBUG:     31 31 31 2E 64 69 6F 6E 2E 6E 65 2E 6A 70 70 6F 
[f6821] gb.mobile DEBUG:     70 2E 31 31 31 31 2E 64 69 6F 6E 2E 6E 65 2E 6A 
[f6821] gb.mobile DEBUG:     70 00 00 00 00 00 A9 67 7F 00 00 F0 00 00 44 49 
[f6828] gb.mobile DEBUG: >>> 19 Read EEPROM (offset: 80; size: 40)
[f6828] gb.mobile DEBUG: <<< 19 Read EEPROM (offset: 80)
[f6828] gb.mobile DEBUG:     4F 4E 20 50 44 43 2F 43 44 4D 41 4F 4E 45 FF FF 
[f6828] gb.mobile DEBUG:     FF FF FF FF FF FF 00 00 00 00 00 00 00 00 00 00 
[f6828] gb.mobile DEBUG:     00 00 00 00 00 00 FF FF FF FF FF FF FF FF 00 00 
[f6828] gb.mobile DEBUG:     00 00 00 00 00 00 00 00 00 00 00 00 00 00 31 AC 
[f6832] gb.mobile DEBUG: >>> 11 End session
[f6832] gb.mobile DEBUG: <<< 11 End session
[f6832] gb.mobile DEBUG: 
[f7102] HARNESS FORCED far call 29:5145 (interrupted pc 0454)
[f7342] HARNESS console reset (power cycle)
[f7393] gb.mobile DEBUG: >>> 10 Start session: NINTENDO
[f7393] gb.mobile DEBUG: <<< 10 Start session: NINTENDO
[f7395] gb.mobile DEBUG: >>> 11 End session
[f7395] gb.mobile DEBUG: <<< 11 End session
[f7395] gb.mobile DEBUG: 
[f7519] gb.mobile DEBUG: >>> 10 Start session: NINTENDO
[f7519] gb.mobile DEBUG: <<< 10 Start session: NINTENDO
[f7521] gb.mobile DEBUG: >>> 19 Read EEPROM (offset: 00; size: 80)
[f7521] gb.mobile DEBUG: <<< 19 Read EEPROM (offset: 00)
[f7521] gb.mobile DEBUG:     4D 41 81 00 D2 C4 03 B7 D2 8D 70 A3 67 31 31 31 
[f7521] gb.mobile DEBUG:     31 31 31 31 31 31 00 00 00 00 00 00 00 00 00 00 
[f7521] gb.mobile DEBUG:     00 00 00 00 00 00 00 00 00 00 00 00 31 31 31 31 
[f7521] gb.mobile DEBUG:     31 31 31 31 40 31 31 31 31 2E 64 69 6F 6E 2E 6E 
[f7521] gb.mobile DEBUG:     65 2E 6A 70 00 00 00 00 00 00 6D 61 69 6C 2E 31 
[f7521] gb.mobile DEBUG:     31 31 31 2E 64 69 6F 6E 2E 6E 65 2E 6A 70 70 6F 
[f7521] gb.mobile DEBUG:     70 2E 31 31 31 31 2E 64 69 6F 6E 2E 6E 65 2E 6A 
[f7521] gb.mobile DEBUG:     70 00 00 00 00 00 A9 67 7F 00 00 F0 00 00 44 49 
[f7528] gb.mobile DEBUG: >>> 19 Read EEPROM (offset: 80; size: 40)
[f7528] gb.mobile DEBUG: <<< 19 Read EEPROM (offset: 80)
[f7528] gb.mobile DEBUG:     4F 4E 20 50 44 43 2F 43 44 4D 41 4F 4E 45 FF FF 
[f7528] gb.mobile DEBUG:     FF FF FF FF FF FF 00 00 00 00 00 00 00 00 00 00 
[f7528] gb.mobile DEBUG:     00 00 00 00 00 00 FF FF FF FF FF FF FF FF 00 00 
[f7528] gb.mobile DEBUG:     00 00 00 00 00 00 00 00 00 00 00 00 00 00 31 AC 
[f7532] gb.mobile DEBUG: >>> 11 End session
[f7532] gb.mobile DEBUG: <<< 11 End session
[f7532] gb.mobile DEBUG: 
[f7802] HARNESS FORCED far call 29:514F (interrupted pc 0454)
[f8042] HARNESS console reset (power cycle)
[f8093] gb.mobile DEBUG: >>> 10 Start session: NINTENDO
[f8093] gb.mobile DEBUG: <<< 10 Start session: NINTENDO
[f8095] gb.mobile DEBUG: >>> 11 End session
[f8095] gb.mobile DEBUG: <<< 11 End session
[f8095] gb.mobile DEBUG: 
[f8219] gb.mobile DEBUG: >>> 10 Start session: NINTENDO
[f8219] gb.mobile DEBUG: <<< 10 Start session: NINTENDO
[f8221] gb.mobile DEBUG: >>> 19 Read EEPROM (offset: 00; size: 80)
[f8221] gb.mobile DEBUG: <<< 19 Read EEPROM (offset: 00)
[f8221] gb.mobile DEBUG:     4D 41 81 00 D2 C4 03 B7 D2 8D 70 A3 67 31 31 31 
[f8221] gb.mobile DEBUG:     31 31 31 31 31 31 00 00 00 00 00 00 00 00 00 00 
[f8221] gb.mobile DEBUG:     00 00 00 00 00 00 00 00 00 00 00 00 31 31 31 31 
[f8221] gb.mobile DEBUG:     31 31 31 31 40 31 31 31 31 2E 64 69 6F 6E 2E 6E 
[f8221] gb.mobile DEBUG:     65 2E 6A 70 00 00 00 00 00 00 6D 61 69 6C 2E 31 
[f8221] gb.mobile DEBUG:     31 31 31 2E 64 69 6F 6E 2E 6E 65 2E 6A 70 70 6F 
[f8221] gb.mobile DEBUG:     70 2E 31 31 31 31 2E 64 69 6F 6E 2E 6E 65 2E 6A 
[f8221] gb.mobile DEBUG:     70 00 00 00 00 00 A9 67 7F 00 00 F0 00 00 44 49 
[f8228] gb.mobile DEBUG: >>> 19 Read EEPROM (offset: 80; size: 40)
[f8228] gb.mobile DEBUG: <<< 19 Read EEPROM (offset: 80)
[f8228] gb.mobile DEBUG:     4F 4E 20 50 44 43 2F 43 44 4D 41 4F 4E 45 FF FF 
[f8228] gb.mobile DEBUG:     FF FF FF FF FF FF 00 00 00 00 00 00 00 00 00 00 
[f8228] gb.mobile DEBUG:     00 00 00 00 00 00 FF FF FF FF FF FF FF FF 00 00 
[f8228] gb.mobile DEBUG:     00 00 00 00 00 00 00 00 00 00 00 00 00 00 31 AC 
[f8232] gb.mobile DEBUG: >>> 11 End session
[f8232] gb.mobile DEBUG: <<< 11 End session
[f8232] gb.mobile DEBUG: 
[f8502] HARNESS FORCED far call 29:520D (interrupted pc 0454)
[f8742] HARNESS console reset (power cycle)
[f8793] gb.mobile DEBUG: >>> 10 Start session: NINTENDO
[f8793] gb.mobile DEBUG: <<< 10 Start session: NINTENDO
[f8795] gb.mobile DEBUG: >>> 11 End session
[f8795] gb.mobile DEBUG: <<< 11 End session
[f8795] gb.mobile DEBUG: 
[f8919] gb.mobile DEBUG: >>> 10 Start session: NINTENDO
[f8919] gb.mobile DEBUG: <<< 10 Start session: NINTENDO
[f8921] gb.mobile DEBUG: >>> 19 Read EEPROM (offset: 00; size: 80)
[f8921] gb.mobile DEBUG: <<< 19 Read EEPROM (offset: 00)
[f8921] gb.mobile DEBUG:     4D 41 81 00 D2 C4 03 B7 D2 8D 70 A3 67 31 31 31 
[f8921] gb.mobile DEBUG:     31 31 31 31 31 31 00 00 00 00 00 00 00 00 00 00 
[f8921] gb.mobile DEBUG:     00 00 00 00 00 00 00 00 00 00 00 00 31 31 31 31 
[f8921] gb.mobile DEBUG:     31 31 31 31 40 31 31 31 31 2E 64 69 6F 6E 2E 6E 
[f8921] gb.mobile DEBUG:     65 2E 6A 70 00 00 00 00 00 00 6D 61 69 6C 2E 31 
[f8921] gb.mobile DEBUG:     31 31 31 2E 64 69 6F 6E 2E 6E 65 2E 6A 70 70 6F 
[f8921] gb.mobile DEBUG:     70 2E 31 31 31 31 2E 64 69 6F 6E 2E 6E 65 2E 6A 
[f8921] gb.mobile DEBUG:     70 00 00 00 00 00 A9 67 7F 00 00 F0 00 00 44 49 
[f8928] gb.mobile DEBUG: >>> 19 Read EEPROM (offset: 80; size: 40)
[f8928] gb.mobile DEBUG: <<< 19 Read EEPROM (offset: 80)
[f8928] gb.mobile DEBUG:     4F 4E 20 50 44 43 2F 43 44 4D 41 4F 4E 45 FF FF 
[f8928] gb.mobile DEBUG:     FF FF FF FF FF FF 00 00 00 00 00 00 00 00 00 00 
[f8928] gb.mobile DEBUG:     00 00 00 00 00 00 FF FF FF FF FF FF FF FF 00 00 
[f8928] gb.mobile DEBUG:     00 00 00 00 00 00 00 00 00 00 00 00 00 00 31 AC 
[f8932] gb.mobile DEBUG: >>> 11 End session
[f8932] gb.mobile DEBUG: <<< 11 End session
[f8932] gb.mobile DEBUG: 
[f9202] HARNESS FORCED far call 29:523F (interrupted pc 0454)
[f9442] HARNESS console reset (power cycle)
[f9493] gb.mobile DEBUG: >>> 10 Start session: NINTENDO
[f9493] gb.mobile DEBUG: <<< 10 Start session: NINTENDO
[f9495] gb.mobile DEBUG: >>> 11 End session
[f9495] gb.mobile DEBUG: <<< 11 End session
[f9495] gb.mobile DEBUG: 
[f9619] gb.mobile DEBUG: >>> 10 Start session: NINTENDO
[f9619] gb.mobile DEBUG: <<< 10 Start session: NINTENDO
[f9621] gb.mobile DEBUG: >>> 19 Read EEPROM (offset: 00; size: 80)
[f9621] gb.mobile DEBUG: <<< 19 Read EEPROM (offset: 00)
[f9621] gb.mobile DEBUG:     4D 41 81 00 D2 C4 03 B7 D2 8D 70 A3 67 31 31 31 
[f9621] gb.mobile DEBUG:     31 31 31 31 31 31 00 00 00 00 00 00 00 00 00 00 
[f9621] gb.mobile DEBUG:     00 00 00 00 00 00 00 00 00 00 00 00 31 31 31 31 
[f9621] gb.mobile DEBUG:     31 31 31 31 40 31 31 31 31 2E 64 69 6F 6E 2E 6E 
[f9621] gb.mobile DEBUG:     65 2E 6A 70 00 00 00 00 00 00 6D 61 69 6C 2E 31 
[f9621] gb.mobile DEBUG:     31 31 31 2E 64 69 6F 6E 2E 6E 65 2E 6A 70 70 6F 
[f9621] gb.mobile DEBUG:     70 2E 31 31 31 31 2E 64 69 6F 6E 2E 6E 65 2E 6A 
[f9621] gb.mobile DEBUG:     70 00 00 00 00 00 A9 67 7F 00 00 F0 00 00 44 49 
[f9628] gb.mobile DEBUG: >>> 19 Read EEPROM (offset: 80; size: 40)
[f9628] gb.mobile DEBUG: <<< 19 Read EEPROM (offset: 80)
[f9628] gb.mobile DEBUG:     4F 4E 20 50 44 43 2F 43 44 4D 41 4F 4E 45 FF FF 
[f9628] gb.mobile DEBUG:     FF FF FF FF FF FF 00 00 00 00 00 00 00 00 00 00 
[f9628] gb.mobile DEBUG:     00 00 00 00 00 00 FF FF FF FF FF FF FF FF 00 00 
[f9628] gb.mobile DEBUG:     00 00 00 00 00 00 00 00 00 00 00 00 00 00 31 AC 
[f9632] gb.mobile DEBUG: >>> 11 End session
[f9632] gb.mobile DEBUG: <<< 11 End session
[f9632] gb.mobile DEBUG: 
[f9902] HARNESS FORCED far call 29:529F (interrupted pc 0454)
[f10142] HARNESS console reset (power cycle)
[f10193] gb.mobile DEBUG: >>> 10 Start session: NINTENDO
[f10193] gb.mobile DEBUG: <<< 10 Start session: NINTENDO
[f10195] gb.mobile DEBUG: >>> 11 End session
[f10195] gb.mobile DEBUG: <<< 11 End session
[f10195] gb.mobile DEBUG: 
[f10319] gb.mobile DEBUG: >>> 10 Start session: NINTENDO
[f10319] gb.mobile DEBUG: <<< 10 Start session: NINTENDO
[f10321] gb.mobile DEBUG: >>> 19 Read EEPROM (offset: 00; size: 80)
[f10321] gb.mobile DEBUG: <<< 19 Read EEPROM (offset: 00)
[f10321] gb.mobile DEBUG:     4D 41 81 00 D2 C4 03 B7 D2 8D 70 A3 67 31 31 31 
[f10321] gb.mobile DEBUG:     31 31 31 31 31 31 00 00 00 00 00 00 00 00 00 00 
[f10321] gb.mobile DEBUG:     00 00 00 00 00 00 00 00 00 00 00 00 31 31 31 31 
[f10321] gb.mobile DEBUG:     31 31 31 31 40 31 31 31 31 2E 64 69 6F 6E 2E 6E 
[f10321] gb.mobile DEBUG:     65 2E 6A 70 00 00 00 00 00 00 6D 61 69 6C 2E 31 
[f10321] gb.mobile DEBUG:     31 31 31 2E 64 69 6F 6E 2E 6E 65 2E 6A 70 70 6F 
[f10321] gb.mobile DEBUG:     70 2E 31 31 31 31 2E 64 69 6F 6E 2E 6E 65 2E 6A 
[f10321] gb.mobile DEBUG:     70 00 00 00 00 00 A9 67 7F 00 00 F0 00 00 44 49 
[f10328] gb.mobile DEBUG: >>> 19 Read EEPROM (offset: 80; size: 40)
[f10328] gb.mobile DEBUG: <<< 19 Read EEPROM (offset: 80)
[f10328] gb.mobile DEBUG:     4F 4E 20 50 44 43 2F 43 44 4D 41 4F 4E 45 FF FF 
[f10328] gb.mobile DEBUG:     FF FF FF FF FF FF 00 00 00 00 00 00 00 00 00 00 
[f10328] gb.mobile DEBUG:     00 00 00 00 00 00 FF FF FF FF FF FF FF FF 00 00 
[f10328] gb.mobile DEBUG:     00 00 00 00 00 00 00 00 00 00 00 00 00 00 31 AC 
[f10332] gb.mobile DEBUG: >>> 11 End session
[f10332] gb.mobile DEBUG: <<< 11 End session
[f10332] gb.mobile DEBUG: 
[f10602] HARNESS FORCED far call 29:52ED (interrupted pc 0454)
[f10842] HARNESS console reset (power cycle)
[f10893] gb.mobile DEBUG: >>> 10 Start session: NINTENDO
[f10893] gb.mobile DEBUG: <<< 10 Start session: NINTENDO
[f10895] gb.mobile DEBUG: >>> 11 End session
[f10895] gb.mobile DEBUG: <<< 11 End session
[f10895] gb.mobile DEBUG: 
[f11019] gb.mobile DEBUG: >>> 10 Start session: NINTENDO
[f11019] gb.mobile DEBUG: <<< 10 Start session: NINTENDO
[f11021] gb.mobile DEBUG: >>> 19 Read EEPROM (offset: 00; size: 80)
[f11021] gb.mobile DEBUG: <<< 19 Read EEPROM (offset: 00)
[f11021] gb.mobile DEBUG:     4D 41 81 00 D2 C4 03 B7 D2 8D 70 A3 67 31 31 31 
[f11021] gb.mobile DEBUG:     31 31 31 31 31 31 00 00 00 00 00 00 00 00 00 00 
[f11021] gb.mobile DEBUG:     00 00 00 00 00 00 00 00 00 00 00 00 31 31 31 31 
[f11021] gb.mobile DEBUG:     31 31 31 31 40 31 31 31 31 2E 64 69 6F 6E 2E 6E 
[f11021] gb.mobile DEBUG:     65 2E 6A 70 00 00 00 00 00 00 6D 61 69 6C 2E 31 
[f11021] gb.mobile DEBUG:     31 31 31 2E 64 69 6F 6E 2E 6E 65 2E 6A 70 70 6F 
[f11021] gb.mobile DEBUG:     70 2E 31 31 31 31 2E 64 69 6F 6E 2E 6E 65 2E 6A 
[f11021] gb.mobile DEBUG:     70 00 00 00 00 00 A9 67 7F 00 00 F0 00 00 44 49 
[f11028] gb.mobile DEBUG: >>> 19 Read EEPROM (offset: 80; size: 40)
[f11028] gb.mobile DEBUG: <<< 19 Read EEPROM (offset: 80)
[f11028] gb.mobile DEBUG:     4F 4E 20 50 44 43 2F 43 44 4D 41 4F 4E 45 FF FF 
[f11028] gb.mobile DEBUG:     FF FF FF FF FF FF 00 00 00 00 00 00 00 00 00 00 
[f11028] gb.mobile DEBUG:     00 00 00 00 00 00 FF FF FF FF FF FF FF FF 00 00 
[f11028] gb.mobile DEBUG:     00 00 00 00 00 00 00 00 00 00 00 00 00 00 31 AC 
[f11032] gb.mobile DEBUG: >>> 11 End session
[f11032] gb.mobile DEBUG: <<< 11 End session
[f11032] gb.mobile DEBUG: 
[f11302] HARNESS FORCED far call 29:5335 (interrupted pc 0454)
