[f0] HARNESS Mobile Adapter attached to the link port
[f51] gb.mobile DEBUG: >>> 10 Start session: NINTENDO
[f51] gb.mobile DEBUG: <<< 10 Start session: NINTENDO
[f53] gb.mobile DEBUG: >>> 11 End session
[f53] gb.mobile DEBUG: <<< 11 End session
[f53] gb.mobile DEBUG: 
[f177] gb.mobile DEBUG: >>> 10 Start session: NINTENDO
[f177] gb.mobile DEBUG: <<< 10 Start session: NINTENDO
[f179] gb.mobile DEBUG: >>> 19 Read EEPROM (offset: 00; size: 80)
[f179] gb.mobile DEBUG: <<< 19 Read EEPROM (offset: 00)
[f179] gb.mobile DEBUG:     00 00 00 00 00 00 00 00 00 00 00 00 00 00 00 00 
[f179] gb.mobile DEBUG:     00 00 00 00 00 00 00 00 00 00 00 00 00 00 00 00 
[f179] gb.mobile DEBUG:     00 00 00 00 00 00 00 00 00 00 00 00 00 00 00 00 
[f179] gb.mobile DEBUG:     00 00 00 00 00 00 00 00 00 00 00 00 00 00 00 00 
[f179] gb.mobile DEBUG:     00 00 00 00 00 00 00 00 00 00 00 00 00 00 00 00 
[f179] gb.mobile DEBUG:     00 00 00 00 00 00 00 00 00 00 00 00 00 00 00 00 
[f179] gb.mobile DEBUG:     00 00 00 00 00 00 00 00 00 00 00 00 00 00 00 00 
[f179] gb.mobile DEBUG:     00 00 00 00 00 00 00 00 00 00 00 00 00 00 00 00 
[f186] gb.mobile DEBUG: >>> 19 Read EEPROM (offset: 80; size: 40)
[f186] gb.mobile DEBUG: <<< 19 Read EEPROM (offset: 80)
[f186] gb.mobile DEBUG:     00 00 00 00 00 00 00 00 00 00 00 00 00 00 00 00 
[f186] gb.mobile DEBUG:     00 00 00 00 00 00 00 00 00 00 00 00 00 00 00 00 
[f186] gb.mobile DEBUG:     00 00 00 00 00 00 00 00 00 00 00 00 00 00 00 00 
[f186] gb.mobile DEBUG:     00 00 00 00 00 00 00 00 00 00 00 00 00 00 00 00 
[f190] gb.mobile DEBUG: >>> 11 End session
[f190] gb.mobile DEBUG: <<< 11 End session
[f190] gb.mobile DEBUG: 
[f4496] gb.mobile DEBUG: >>> 10 Start session: NINTENDO
[f4496] gb.mobile DEBUG: <<< 10 Start session: NINTENDO
[f4498] gb.mobile DEBUG: >>> 11 End session
[f4498] gb.mobile DEBUG: <<< 11 End session
[f4498] gb.mobile DEBUG: 
[f4622] gb.mobile DEBUG: >>> 10 Start session: NINTENDO
[f4622] gb.mobile DEBUG: <<< 10 Start session: NINTENDO
[f4629] gb.mobile DEBUG: >>> 1A Write EEPROM (offset: 00)
[f4629] gb.mobile DEBUG:     4D 41 01 00 D2 C4 03 B7 D2 8D 70 A3 67 31 31 31 
[f4629] gb.mobile DEBUG:     31 31 31 31 31 31 00 00 00 00 00 00 00 00 00 00 
[f4629] gb.mobile DEBUG:     00 00 00 00 00 00 00 00 00 00 00 00 31 31 31 31 
[f4629] gb.mobile DEBUG:     31 31 31 31 40 31 31 31 31 2E 64 69 6F 6E 2E 6E 
[f4629] gb.mobile DEBUG:     65 2E 6A 70 00 00 00 00 00 00 6D 61 69 6C 2E 31 
[f4629] gb.mobile DEBUG:     31 31 31 2E 64 69 6F 6E 2E 6E 65 2E 6A 70 70 6F 
[f4629] gb.mobile DEBUG:     70 2E 31 31 31 31 2E 64 69 6F 6E 2E 6E 65 2E 6A 
[f4629] gb.mobile DEBUG:     70 00 00 00 00 00 A9 67 7F 00 00 F0 00 00 44 49 
[f4629] gb.mobile DEBUG: <<< 1A Write EEPROM (offset: 00; size: 80)
[f4633] gb.mobile DEBUG: >>> 1A Write EEPROM (offset: 80)
[f4633] gb.mobile DEBUG:     4F 4E 20 50 44 43 2F 43 44 4D 41 4F 4E 45 FF FF 
[f4633] gb.mobile DEBUG:     FF FF FF FF FF FF 00 00 00 00 00 00 00 00 00 00 
[f4633] gb.mobile DEBUG:     00 00 00 00 00 00 FF FF FF FF FF FF FF FF 00 00 
[f4633] gb.mobile DEBUG:     00 00 00 00 00 00 00 00 00 00 00 00 00 00 31 2C 
[f4633] gb.mobile DEBUG: <<< 1A Write EEPROM (offset: 80; size: 40)
[f4635] gb.mobile DEBUG: >>> 11 End session
[f4635] gb.mobile DEBUG: <<< 11 End session
[f4635] gb.mobile DEBUG: 
[f5106] gb.mobile DEBUG: >>> 10 Start session: NINTENDO
[f5106] gb.mobile DEBUG: <<< 10 Start session: NINTENDO
[f5108] gb.mobile DEBUG: >>> 11 End session
[f5108] gb.mobile DEBUG: <<< 11 End session
[f5108] gb.mobile DEBUG: 
[f5232] gb.mobile DEBUG: >>> 10 Start session: NINTENDO
[f5232] gb.mobile DEBUG: <<< 10 Start session: NINTENDO
[f5234] gb.mobile DEBUG: >>> 19 Read EEPROM (offset: 00; size: 60)
[f5234] gb.mobile DEBUG: <<< 19 Read EEPROM (offset: 00)
[f5234] gb.mobile DEBUG:     4D 41 01 00 D2 C4 03 B7 D2 8D 70 A3 67 31 31 31 
[f5234] gb.mobile DEBUG:     31 31 31 31 31 31 00 00 00 00 00 00 00 00 00 00 
[f5234] gb.mobile DEBUG:     00 00 00 00 00 00 00 00 00 00 00 00 31 31 31 31 
[f5234] gb.mobile DEBUG:     31 31 31 31 40 31 31 31 31 2E 64 69 6F 6E 2E 6E 
[f5234] gb.mobile DEBUG:     65 2E 6A 70 00 00 00 00 00 00 6D 61 69 6C 2E 31 
[f5234] gb.mobile DEBUG:     31 31 31 2E 64 69 6F 6E 2E 6E 65 2E 6A 70 70 6F 
[f5240] gb.mobile DEBUG: >>> 19 Read EEPROM (offset: 60; size: 60)
[f5240] gb.mobile DEBUG: <<< 19 Read EEPROM (offset: 60)
[f5240] gb.mobile DEBUG:     70 2E 31 31 31 31 2E 64 69 6F 6E 2E 6E 65 2E 6A 
[f5240] gb.mobile DEBUG:     70 00 00 00 00 00 A9 67 7F 00 00 F0 00 00 44 49 
[f5240] gb.mobile DEBUG:     4F 4E 20 50 44 43 2F 43 44 4D 41 4F 4E 45 FF FF 
[f5240] gb.mobile DEBUG:     FF FF FF FF FF FF 00 00 00 00 00 00 00 00 00 00 
[f5240] gb.mobile DEBUG:     00 00 00 00 00 00 FF FF FF FF FF FF FF FF 00 00 
[f5240] gb.mobile DEBUG:     00 00 00 00 00 00 00 00 00 00 00 00 00 00 31 2C 
[f5246] gb.mobile DEBUG: >>> 11 End session
[f5246] gb.mobile DEBUG: <<< 11 End session
[f5246] gb.mobile DEBUG: 
[f5373] gb.mobile DEBUG: >>> 10 Start session: NINTENDO
[f5373] gb.mobile DEBUG: <<< 10 Start session: NINTENDO
[f5375] gb.mobile DEBUG: >>> 19 Read EEPROM (offset: 00; size: 60)
[f5375] gb.mobile DEBUG: <<< 19 Read EEPROM (offset: 00)
[f5375] gb.mobile DEBUG:     4D 41 01 00 D2 C4 03 B7 D2 8D 70 A3 67 31 31 31 
[f5375] gb.mobile DEBUG:     31 31 31 31 31 31 00 00 00 00 00 00 00 00 00 00 
[f5375] gb.mobile DEBUG:     00 00 00 00 00 00 00 00 00 00 00 00 31 31 31 31 
[f5375] gb.mobile DEBUG:     31 31 31 31 40 31 31 31 31 2E 64 69 6F 6E 2E 6E 
[f5375] gb.mobile DEBUG:     65 2E 6A 70 00 00 00 00 00 00 6D 61 69 6C 2E 31 
[f5375] gb.mobile DEBUG:     31 31 31 2E 64 69 6F 6E 2E 6E 65 2E 6A 70 70 6F 
[f5381] gb.mobile DEBUG: >>> 19 Read EEPROM (offset: 60; size: 60)
[f5381] gb.mobile DEBUG: <<< 19 Read EEPROM (offset: 60)
[f5381] gb.mobile DEBUG:     70 2E 31 31 31 31 2E 64 69 6F 6E 2E 6E 65 2E 6A 
[f5381] gb.mobile DEBUG:     70 00 00 00 00 00 A9 67 7F 00 00 F0 00 00 44 49 
[f5381] gb.mobile DEBUG:     4F 4E 20 50 44 43 2F 43 44 4D 41 4F 4E 45 FF FF 
[f5381] gb.mobile DEBUG:     FF FF FF FF FF FF 00 00 00 00 00 00 00 00 00 00 
[f5381] gb.mobile DEBUG:     00 00 00 00 00 00 FF FF FF FF FF FF FF FF 00 00 
[f5381] gb.mobile DEBUG:     00 00 00 00 00 00 00 00 00 00 00 00 00 00 31 2C 
[f5387] gb.mobile DEBUG: >>> 17 Status
[f5387] gb.mobile DEBUG: <<< 17 Status: 00 4D 00
[f5389] gb.mobile DEBUG: >>> 12 Call (prot 0): #9677
[f5389] gb.mobile DEBUG: <<< 12 Call
[f5392] gb.mobile DEBUG: >>> 21 PPP connect (id: g111111111; dns1: 210.196.3.183; dns2: 210.141.112.163)
[f5392] gb.mobile DEBUG: <<< 21 PPP connect (ip: 127.0.0.1; dns1: 0.0.0.0; dns2: 0.0.0.0)
[f5396] gb.mobile DEBUG: >>> 28 DNS request: pop.1111.dion.ne.jp
[f5396] NET sock_open conn=0 UDP bindport=0
[f5397] NET udp send to 210.196.3.183:53 (37 bytes)
[f5397] NET dns query "pop.1111.dion.ne.jp" -> 10.0.220.103
[f5398] NET sock_close conn=0
[f5398] gb.mobile DEBUG: <<< 28 DNS request: 10.0.220.103
[f5400] gb.mobile DEBUG: >>> 23 TCP connect: 10.0.220.103:110
[f5400] NET sock_open conn=0 TCP bindport=0
[f5401] NET sock_connect conn=0 TCP 10.0.220.103:110
[f5401] gb.mobile DEBUG: <POP3> Starting interception on conn 0
[f5401] gb.mobile DEBUG: <<< 23 TCP connect (conn 0)
[f5403] gb.mobile DEBUG: >>> 15 Transfer data (conn 0)
[f5403] gb.mobile DEBUG: <POP3> Greeting seen, has_key=0
[f5403] gb.mobile DEBUG: <<< 15 Transfer data (conn 0)
[f5403] gb.mobile DEBUG: +OK POP3 fake ready

[f5406] gb.mobile DEBUG: >>> 15 Transfer data (conn 0)
[f5406] gb.mobile DEBUG: USER 11111111

[f5406] gb.mobile DEBUG: <POP3> USER seen (15 bytes), forwarded (no key)
[f5406] NET tcp:110 rx-line "USER 11111111"
[f5406] gb.mobile DEBUG: <<< 15 Transfer data (conn 0)
[f5406] gb.mobile DEBUG: +OK

[f5408] gb.mobile DEBUG: >>> 15 Transfer data (conn 0)
[f5408] gb.mobile DEBUG: PASS aZ01

[f5408] gb.mobile DEBUG: <POP3> PASS seen (11 bytes), forwarded (no key)
[f5408] NET tcp:110 rx-line "PASS aZ01"
[f5408] gb.mobile DEBUG: <POP3> Auth response: +OK
[f5408] gb.mobile DEBUG: <<< 15 Transfer data (conn 0)
[f5408] gb.mobile DEBUG: +OK

[f5410] gb.mobile DEBUG: >>> 15 Transfer data (conn 0)
[f5410] gb.mobile DEBUG: QUIT

[f5410] NET tcp:110 rx-line "QUIT"
[f5410] gb.mobile DEBUG: <<< 15 Transfer data (conn 0)
[f5410] gb.mobile DEBUG: +OK bye

[f5412] gb.mobile DEBUG: >>> 24 TCP disconnect (conn 0)
[f5412] NET sock_close conn=0
[f5412] gb.mobile DEBUG: <<< 24 TCP disconnect (conn 0)
[f5414] gb.mobile DEBUG: >>> 22 PPP disconnect
[f5414] gb.mobile DEBUG: <<< 22 PPP disconnect
[f5416] gb.mobile DEBUG: >>> 13 Disconnect
[f5416] gb.mobile DEBUG: <<< 13 Disconnect
[f5417] gb.mobile DEBUG: >>> 11 End session
[f5417] gb.mobile DEBUG: <<< 11 End session
[f5417] gb.mobile DEBUG: 
[f5542] gb.mobile DEBUG: >>> 10 Start session: NINTENDO
[f5542] gb.mobile DEBUG: <<< 10 Start session: NINTENDO
[f5549] gb.mobile DEBUG: >>> 1A Write EEPROM (offset: 00)
[f5549] gb.mobile DEBUG:     4D 41 81 00 D2 C4 03 B7 D2 8D 70 A3 67 31 31 31 
[f5549] gb.mobile DEBUG:     31 31 31 31 31 31 00 00 00 00 00 00 00 00 00 00 
[f5549] gb.mobile DEBUG:     00 00 00 00 00 00 00 00 00 00 00 00 31 31 31 31 
[f5549] gb.mobile DEBUG:     31 31 31 31 40 31 31 31 31 2E 64 69 6F 6E 2E 6E 
[f5549] gb.mobile DEBUG:     65 2E 6A 70 00 00 00 00 00 00 6D 61 69 6C 2E 31 
[f5549] gb.mobile DEBUG:     31 31 31 2E 64 69 6F 6E 2E 6E 65 2E 6A 70 70 6F 
[f5549] gb.mobile DEBUG:     70 2E 31 31 31 31 2E 64 69 6F 6E 2E 6E 65 2E 6A 
[f5549] gb.mobile DEBUG:     70 00 00 00 00 00 A9 67 7F 00 00 F0 00 00 44 49 
[f5549] gb.mobile DEBUG: <<< 1A Write EEPROM (offset: 00; size: 80)
[f5553] gb.mobile DEBUG: >>> 1A Write EEPROM (offset: 80)
[f5553] gb.mobile DEBUG:     4F 4E 20 50 44 43 2F 43 44 4D 41 4F 4E 45 FF FF 
[f5553] gb.mobile DEBUG:     FF FF FF FF FF FF 00 00 00 00 00 00 00 00 00 00 
[f5553] gb.mobile DEBUG:     00 00 00 00 00 00 FF FF FF FF FF FF FF FF 00 00 
[f5553] gb.mobile DEBUG:     00 00 00 00 00 00 00 00 00 00 00 00 00 00 31 AC 
[f5553] gb.mobile DEBUG: <<< 1A Write EEPROM (offset: 80; size: 40)
[f5555] gb.mobile DEBUG: >>> 11 End session
[f5555] gb.mobile DEBUG: <<< 11 End session
[f5555] gb.mobile DEBUG: 
