[f0] HARNESS Mobile Adapter attached to the link port
[f51] gb.mobile DEBUG: >>> 10 Start session: NINTENDO
[f51] gb.mobile DEBUG: <<< 10 Start session: NINTENDO
[f53] gb.mobile DEBUG: >>> 11 End session
[f53] gb.mobile DEBUG: <<< 11 End session
[f53] gb.mobile DEBUG: 
[f177] gb.mobile DEBUG: >>> 10 Start session: NINTENDO
[f177] gb.mobile DEBUG: <<< 10 Start session: NINTENDO
[f179] gb.mobile DEBUG: >>> 19 Read EEPROM (offset: 00; size: 80)
[f179] gb.mobile DEBUG: <<< 19 Read EEPROM (offset: 00)
[f179] gb.mobile DEBUG:     4D 41 81 00 D2 C4 03 B7 D2 8D 70 A3 67 31 31 31 
[f179] gb.mobile DEBUG:     31 31 31 31 31 31 00 00 00 00 00 00 00 00 00 00 
[f179] gb.mobile DEBUG:     00 00 00 00 00 00 00 00 00 00 00 00 31 31 31 31 
[f179] gb.mobile DEBUG:     31 31 31 31 40 31 31 31 31 2E 64 69 6F 6E 2E 6E 
[f179] gb.mobile DEBUG:     65 2E 6A 70 00 00 00 00 00 00 6D 61 69 6C 2E 31 
[f179] gb.mobile DEBUG:     31 31 31 2E 64 69 6F 6E 2E 6E 65 2E 6A 70 70 6F 
[f179] gb.mobile DEBUG:     70 2E 31 31 31 31 2E 64 69 6F 6E 2E 6E 65 2E 6A 
[f179] gb.mobile DEBUG:     70 00 00 00 00 00 A9 67 7F 00 00 F0 00 00 44 49 
[f186] gb.mobile DEBUG: >>> 19 Read EEPROM (offset: 80; size: 40)
[f186] gb.mobile DEBUG: <<< 19 Read EEPROM (offset: 80)
[f186] gb.mobile DEBUG:     4F 4E 20 50 44 43 2F 43 44 4D 41 4F 4E 45 FF FF 
[f186] gb.mobile DEBUG:     FF FF FF FF FF FF 00 00 00 00 00 00 00 00 00 00 
[f186] gb.mobile DEBUG:     00 00 00 00 00 00 FF FF FF FF FF FF FF FF 00 00 
[f186] gb.mobile DEBUG:     00 00 00 00 00 00 00 00 00 00 00 00 00 00 31 AC 
[f190] gb.mobile DEBUG: >>> 11 End session
[f190] gb.mobile DEBUG: <<< 11 End session
[f190] gb.mobile DEBUG: 
[f2859] gb.mobile DEBUG: >>> 10 Start session: NINTENDO
[f2859] gb.mobile DEBUG: <<< 10 Start session: NINTENDO
[f2861] gb.mobile DEBUG: >>> 11 End session
[f2861] gb.mobile DEBUG: <<< 11 End session
[f2861] gb.mobile DEBUG: 
[f3006] gb.mobile DEBUG: >>> 10 Start session: NINTENDO
[f3006] gb.mobile DEBUG: <<< 10 Start session: NINTENDO
[f3008] gb.mobile DEBUG: >>> 19 Read EEPROM (offset: 00; size: 60)
[f3008] gb.mobile DEBUG: <<< 19 Read EEPROM (offset: 00)
[f3008] gb.mobile DEBUG:     4D 41 81 00 D2 C4 03 B7 D2 8D 70 A3 67 31 31 31 
[f3008] gb.mobile DEBUG:     31 31 31 31 31 31 00 00 00 00 00 00 00 00 00 00 
[f3008] gb.mobile DEBUG:     00 00 00 00 00 00 00 00 00 00 00 00 31 31 31 31 
[f3008] gb.mobile DEBUG:     31 31 31 31 40 31 31 31 31 2E 64 69 6F 6E 2E 6E 
[f3008] gb.mobile DEBUG:     65 2E 6A 70 00 00 00 00 00 00 6D 61 69 6C 2E 31 
[f3008] gb.mobile DEBUG:     31 31 31 2E 64 69 6F 6E 2E 6E 65 2E 6A 70 70 6F 
[f3015] gb.mobile DEBUG: >>> 19 Read EEPROM (offset: 60; size: 60)
[f3015] gb.mobile DEBUG: <<< 19 Read EEPROM (offset: 60)
[f3015] gb.mobile DEBUG:     70 2E 31 31 31 31 2E 64 69 6F 6E 2E 6E 65 2E 6A 
[f3015] gb.mobile DEBUG:     70 00 00 00 00 00 A9 67 7F 00 00 F0 00 00 44 49 
[f3015] gb.mobile DEBUG:     4F 4E 20 50 44 43 2F 43 44 4D 41 4F 4E 45 FF FF 
[f3015] gb.mobile DEBUG:     FF FF FF FF FF FF 00 00 00 00 00 00 00 00 00 00 
[f3015] gb.mobile DEBUG:     00 00 00 00 00 00 FF FF FF FF FF FF FF FF 00 00 
[f3015] gb.mobile DEBUG:     00 00 00 00 00 00 00 00 00 00 00 00 00 00 31 AC 
[f3022] gb.mobile DEBUG: >>> 11 End session
[f3022] gb.mobile DEBUG: <<< 11 End session
[f3022] gb.mobile DEBUG: 
[f3169] gb.mobile DEBUG: >>> 10 Start session: NINTENDO
[f3169] gb.mobile DEBUG: <<< 10 Start session: NINTENDO
[f3171] gb.mobile DEBUG: >>> 19 Read EEPROM (offset: 00; size: 60)
[f3171] gb.mobile DEBUG: <<< 19 Read EEPROM (offset: 00)
[f3171] gb.mobile DEBUG:     4D 41 81 00 D2 C4 03 B7 D2 8D 70 A3 67 31 31 31 
[f3171] gb.mobile DEBUG:     31 31 31 31 31 31 00 00 00 00 00 00 00 00 00 00 
[f3171] gb.mobile DEBUG:     00 00 00 00 00 00 00 00 00 00 00 00 31 31 31 31 
[f3171] gb.mobile DEBUG:     31 31 31 31 40 31 31 31 31 2E 64 69 6F 6E 2E 6E 
[f3171] gb.mobile DEBUG:     65 2E 6A 70 00 00 00 00 00 00 6D 61 69 6C 2E 31 
[f3171] gb.mobile DEBUG:     31 31 31 2E 64 69 6F 6E 2E 6E 65 2E 6A 70 70 6F 
[f3178] gb.mobile DEBUG: >>> 19 Read EEPROM (offset: 60; size: 60)
[f3178] gb.mobile DEBUG: <<< 19 Read EEPROM (offset: 60)
[f3178] gb.mobile DEBUG:     70 2E 31 31 31 31 2E 64 69 6F 6E 2E 6E 65 2E 6A 
[f3178] gb.mobile DEBUG:     70 00 00 00 00 00 A9 67 7F 00 00 F0 00 00 44 49 
[f3178] gb.mobile DEBUG:     4F 4E 20 50 44 43 2F 43 44 4D 41 4F 4E 45 FF FF 
[f3178] gb.mobile DEBUG:     FF FF FF FF FF FF 00 00 00 00 00 00 00 00 00 00 
[f3178] gb.mobile DEBUG:     00 00 00 00 00 00 FF FF FF FF FF FF FF FF 00 00 
[f3178] gb.mobile DEBUG:     00 00 00 00 00 00 00 00 00 00 00 00 00 00 31 AC 
[f3185] gb.mobile DEBUG: >>> 17 Status
[f3185] gb.mobile DEBUG: <<< 17 Status: 00 4D 00
[f3187] gb.mobile DEBUG: >>> 12 Call (prot 0): #9677
[f3187] gb.mobile DEBUG: <<< 12 Call
[f3190] gb.mobile DEBUG: >>> 21 PPP connect (id: g111111111; dns1: 210.196.3.183; dns2: 210.141.112.163)
[f3190] gb.mobile DEBUG: <<< 21 PPP connect (ip: 127.0.0.1; dns1: 0.0.0.0; dns2: 0.0.0.0)
[f3256] gb.mobile DEBUG: >>> 17 Status
[f3256] gb.mobile DEBUG: <<< 17 Status: 04 4D 00
[f3321] gb.mobile DEBUG: >>> 17 Status
[f3321] gb.mobile DEBUG: <<< 17 Status: 04 4D 00
[f3391] gb.mobile DEBUG: >>> 17 Status
[f3391] gb.mobile DEBUG: <<< 17 Status: 04 4D 00
[f3416] gb.mobile DEBUG: >>> 28 DNS request: pop.1111.dion.ne.jp
[f3416] NET sock_open conn=0 UDP bindport=0
[f3417] NET udp send to 210.196.3.183:53 (37 bytes)
[f3417] NET dns query "pop.1111.dion.ne.jp" -> 10.0.220.103
[f3418] NET sock_close conn=0
[f3418] gb.mobile DEBUG: <<< 28 DNS request: 10.0.220.103
[f3420] gb.mobile DEBUG: >>> 23 TCP connect: 10.0.220.103:110
[f3420] NET sock_open conn=0 TCP bindport=0
[f3421] NET sock_connect conn=0 TCP 10.0.220.103:110
[f3421] gb.mobile DEBUG: <POP3> Starting interception on conn 0
[f3421] gb.mobile DEBUG: <<< 23 TCP connect (conn 0)
[f3423] gb.mobile DEBUG: >>> 15 Transfer data (conn 0)
[f3423] gb.mobile DEBUG: <POP3> Greeting seen, has_key=0
[f3423] gb.mobile DEBUG: <<< 15 Transfer data (conn 0)
[f3423] gb.mobile DEBUG: +OK POP3 fake ready

[f3427] gb.mobile DEBUG: >>> 15 Transfer data (conn 0)
[f3427] gb.mobile DEBUG: USER 11111111

[f3427] gb.mobile DEBUG: <POP3> USER seen (15 bytes), forwarded (no key)
[f3427] NET tcp:110 rx-line "USER 11111111"
[f3427] gb.mobile DEBUG: <<< 15 Transfer data (conn 0)
[f3429] gb.mobile DEBUG: >>> 15 Transfer data (conn 0)
[f3429] gb.mobile DEBUG: <<< 15 Transfer data (conn 0)
[f3429] gb.mobile DEBUG: +OK

[f3432] gb.mobile DEBUG: >>> 15 Transfer data (conn 0)
[f3432] gb.mobile DEBUG: PASS aZ01

[f3432] gb.mobile DEBUG: <POP3> PASS seen (11 bytes), forwarded (no key)
[f3432] NET tcp:110 rx-line "PASS aZ01"
[f3432] gb.mobile DEBUG: <<< 15 Transfer data (conn 0)
[f3434] gb.mobile DEBUG: >>> 15 Transfer data (conn 0)
[f3434] gb.mobile DEBUG: <POP3> Auth response: +OK
[f3434] gb.mobile DEBUG: <<< 15 Transfer data (conn 0)
[f3434] gb.mobile DEBUG: +OK

[f3437] gb.mobile DEBUG: >>> 15 Transfer data (conn 0)
[f3437] gb.mobile DEBUG: STAT

[f3437] NET tcp:110 rx-line "STAT"
[f3437] gb.mobile DEBUG: <<< 15 Transfer data (conn 0)
[f3439] gb.mobile DEBUG: >>> 15 Transfer data (conn 0)
[f3439] gb.mobile DEBUG: <<< 15 Transfer data (conn 0)
[f3439] gb.mobile DEBUG: +OK 1 47

[f3443] gb.mobile DEBUG: >>> 15 Transfer data (conn 0)
[f3443] gb.mobile DEBUG: TOP 1 0

[f3443] NET tcp:110 rx-line "TOP 1 0"
[f3443] gb.mobile DEBUG: <<< 15 Transfer data (conn 0)
[f3445] gb.mobile DEBUG: >>> 15 Transfer data (conn 0)
[f3445] gb.mobile DEBUG: <<< 15 Transfer data (conn 0)
[f3445] gb.mobile DEBUG: +OK 47 octets
Subject: bare

.

[f3449] gb.mobile DEBUG: >>> 15 Transfer data (conn 0)
[f3509] gb.mobile DEBUG: <<< 15 Transfer data (conn 0)
[f3511] gb.mobile DEBUG: >>> 15 Transfer data (conn 0)
[f3571] gb.mobile DEBUG: <<< 15 Transfer data (conn 0)
[f3573] gb.mobile DEBUG: >>> 15 Transfer data (conn 0)
[f3633] gb.mobile DEBUG: <<< 15 Transfer data (conn 0)
[f3635] gb.mobile DEBUG: >>> 15 Transfer data (conn 0)
[f3695] gb.mobile DEBUG: <<< 15 Transfer data (conn 0)
[f3697] gb.mobile DEBUG: >>> 15 Transfer data (conn 0)
[f3757] gb.mobile DEBUG: <<< 15 Transfer data (conn 0)
[f3759] gb.mobile DEBUG: >>> 15 Transfer data (conn 0)
[f3819] gb.mobile DEBUG: <<< 15 Transfer data (conn 0)
[f3821] gb.mobile DEBUG: >>> 15 Transfer data (conn 0)
[f3881] gb.mobile DEBUG: <<< 15 Transfer data (conn 0)
[f3883] gb.mobile DEBUG: >>> 15 Transfer data (conn 0)
[f3943] gb.mobile DEBUG: <<< 15 Transfer data (conn 0)
[f3945] gb.mobile DEBUG: >>> 15 Transfer data (conn 0)
[f4005] gb.mobile DEBUG: <<< 15 Transfer data (conn 0)
[f4007] gb.mobile DEBUG: >>> 15 Transfer data (conn 0)
[f4067] gb.mobile DEBUG: <<< 15 Transfer data (conn 0)
[f4069] gb.mobile DEBUG: >>> 15 Transfer data (conn 0)
[f4129] gb.mobile DEBUG: <<< 15 Transfer data (conn 0)
[f4131] gb.mobile DEBUG: >>> 15 Transfer data (conn 0)
[f4191] gb.mobile DEBUG: <<< 15 Transfer data (conn 0)
[f4193] gb.mobile DEBUG: >>> 15 Transfer data (conn 0)
[f4253] gb.mobile DEBUG: <<< 15 Transfer data (conn 0)
[f4255] gb.mobile DEBUG: >>> 15 Transfer data (conn 0)
[f4315] gb.mobile DEBUG: <<< 15 Transfer data (conn 0)
[f4317] gb.mobile DEBUG: >>> 15 Transfer data (conn 0)
[f4377] gb.mobile DEBUG: <<< 15 Transfer data (conn 0)
[f4379] gb.mobile DEBUG: >>> 15 Transfer data (conn 0)
[f4439] gb.mobile DEBUG: <<< 15 Transfer data (conn 0)
[f4441] gb.mobile DEBUG: >>> 15 Transfer data (conn 0)
[f4501] gb.mobile DEBUG: <<< 15 Transfer data (conn 0)
[f4503] gb.mobile DEBUG: >>> 15 Transfer data (conn 0)
[f4563] gb.mobile DEBUG: <<< 15 Transfer data (conn 0)
[f4565] gb.mobile DEBUG: >>> 15 Transfer data (conn 0)
[f4625] gb.mobile DEBUG: <<< 15 Transfer data (conn 0)
[f4627] gb.mobile DEBUG: >>> 15 Transfer data (conn 0)
[f4687] gb.mobile DEBUG: <<< 15 Transfer data (conn 0)
[f4689] gb.mobile DEBUG: >>> 15 Transfer data (conn 0)
[f4749] gb.mobile DEBUG: <<< 15 Transfer data (conn 0)
[f4751] gb.mobile DEBUG: >>> 15 Transfer data (conn 0)
[f4811] gb.mobile DEBUG: <<< 15 Transfer data (conn 0)
[f4813] gb.mobile DEBUG: >>> 15 Transfer data (conn 0)
[f4873] gb.mobile DEBUG: <<< 15 Transfer data (conn 0)
[f4875] gb.mobile DEBUG: >>> 15 Transfer data (conn 0)
[f4935] gb.mobile DEBUG: <<< 15 Transfer data (conn 0)
[f4937] gb.mobile DEBUG: >>> 15 Transfer data (conn 0)
[f4997] gb.mobile DEBUG: <<< 15 Transfer data (conn 0)
[f4999] gb.mobile DEBUG: >>> 15 Transfer data (conn 0)
[f5059] gb.mobile DEBUG: <<< 15 Transfer data (conn 0)
[f5061] gb.mobile DEBUG: >>> 15 Transfer data (conn 0)
[f5121] gb.mobile DEBUG: <<< 15 Transfer data (conn 0)
[f5123] gb.mobile DEBUG: >>> 15 Transfer data (conn 0)
[f5183] gb.mobile DEBUG: <<< 15 Transfer data (conn 0)
[f5185] gb.mobile DEBUG: >>> 15 Transfer data (conn 0)
[f5245] gb.mobile DEBUG: <<< 15 Transfer data (conn 0)
[f5247] gb.mobile DEBUG: >>> 15 Transfer data (conn 0)
[f5307] gb.mobile DEBUG: <<< 15 Transfer data (conn 0)
[f5309] gb.mobile DEBUG: >>> 15 Transfer data (conn 0)
[f5369] gb.mobile DEBUG: <<< 15 Transfer data (conn 0)
[f5371] gb.mobile DEBUG: >>> 15 Transfer data (conn 0)
[f5431] gb.mobile DEBUG: <<< 15 Transfer data (conn 0)
[f5434] gb.mobile DEBUG: >>> 15 Transfer data (conn 0)
[f5494] gb.mobile DEBUG: <<< 15 Transfer data (conn 0)
[f5496] gb.mobile DEBUG: >>> 15 Transfer data (conn 0)
[f5556] gb.mobile DEBUG: <<< 15 Transfer data (conn 0)
[f5558] gb.mobile DEBUG: >>> 15 Transfer data (conn 0)
[f5618] gb.mobile DEBUG: <<< 15 Transfer data (conn 0)
[f5620] gb.mobile DEBUG: >>> 15 Transfer data (conn 0)
[f5680] gb.mobile DEBUG: <<< 15 Transfer data (conn 0)
[f5682] gb.mobile DEBUG: >>> 15 Transfer data (conn 0)
[f5742] gb.mobile DEBUG: <<< 15 Transfer data (conn 0)
[f5744] gb.mobile DEBUG: >>> 15 Transfer data (conn 0)
[f5804] gb.mobile DEBUG: <<< 15 Transfer data (conn 0)
[f5806] gb.mobile DEBUG: >>> 15 Transfer data (conn 0)
[f5866] gb.mobile DEBUG: <<< 15 Transfer data (conn 0)
[f5868] gb.mobile DEBUG: >>> 15 Transfer data (conn 0)
[f5928] gb.mobile DEBUG: <<< 15 Transfer data (conn 0)
[f5930] gb.mobile DEBUG: >>> 15 Transfer data (conn 0)
[f5990] gb.mobile DEBUG: <<< 15 Transfer data (conn 0)
[f5992] gb.mobile DEBUG: >>> 15 Transfer data (conn 0)
[f6052] gb.mobile DEBUG: <<< 15 Transfer data (conn 0)
[f6054] gb.mobile DEBUG: >>> 15 Transfer data (conn 0)
[f6114] gb.mobile DEBUG: <<< 15 Transfer data (conn 0)
[f6116] gb.mobile DEBUG: >>> 15 Transfer data (conn 0)
[f6176] gb.mobile DEBUG: <<< 15 Transfer data (conn 0)
[f6178] gb.mobile DEBUG: >>> 15 Transfer data (conn 0)
[f6238] gb.mobile DEBUG: <<< 15 Transfer data (conn 0)
[f6240] gb.mobile DEBUG: >>> 15 Transfer data (conn 0)
[f6300] gb.mobile DEBUG: <<< 15 Transfer data (conn 0)
[f6302] gb.mobile DEBUG: >>> 15 Transfer data (conn 0)
[f6362] gb.mobile DEBUG: <<< 15 Transfer data (conn 0)
[f6364] gb.mobile DEBUG: >>> 15 Transfer data (conn 0)
[f6424] gb.mobile DEBUG: <<< 15 Transfer data (conn 0)
[f6426] gb.mobile DEBUG: >>> 15 Transfer data (conn 0)
[f6486] gb.mobile DEBUG: <<< 15 Transfer data (conn 0)
[f6488] gb.mobile DEBUG: >>> 15 Transfer data (conn 0)
[f6548] gb.mobile DEBUG: <<< 15 Transfer data (conn 0)
[f6550] gb.mobile DEBUG: >>> 15 Transfer data (conn 0)
[f6610] gb.mobile DEBUG: <<< 15 Transfer data (conn 0)
[f6612] gb.mobile DEBUG: >>> 15 Transfer data (conn 0)
[f6672] gb.mobile DEBUG: <<< 15 Transfer data (conn 0)
[f6674] gb.mobile DEBUG: >>> 15 Transfer data (conn 0)
[f6734] gb.mobile DEBUG: <<< 15 Transfer data (conn 0)
[f6736] gb.mobile DEBUG: >>> 15 Transfer data (conn 0)
[f6796] gb.mobile DEBUG: <<< 15 Transfer data (conn 0)
[f6798] gb.mobile DEBUG: >>> 15 Transfer data (conn 0)
[f6858] gb.mobile DEBUG: <<< 15 Transfer data (conn 0)
[f6860] gb.mobile DEBUG: >>> 15 Transfer data (conn 0)
[f6920] gb.mobile DEBUG: <<< 15 Transfer data (conn 0)
[f6922] gb.mobile DEBUG: >>> 15 Transfer data (conn 0)
[f6982] gb.mobile DEBUG: <<< 15 Transfer data (conn 0)
[f6984] gb.mobile DEBUG: >>> 15 Transfer data (conn 0)
[f7044] gb.mobile DEBUG: <<< 15 Transfer data (conn 0)
[f7046] gb.mobile DEBUG: >>> 15 Transfer data (conn 0)
[f7106] gb.mobile DEBUG: <<< 15 Transfer data (conn 0)
[f7108] gb.mobile DEBUG: >>> 15 Transfer data (conn 0)
[f7168] gb.mobile DEBUG: <<< 15 Transfer data (conn 0)
[f7170] gb.mobile DEBUG: >>> 15 Transfer data (conn 0)
[f7230] gb.mobile DEBUG: <<< 15 Transfer data (conn 0)
[f7232] gb.mobile DEBUG: >>> 15 Transfer data (conn 0)
[f7292] gb.mobile DEBUG: <<< 15 Transfer data (conn 0)
[f7294] gb.mobile DEBUG: >>> 15 Transfer data (conn 0)
[f7354] gb.mobile DEBUG: <<< 15 Transfer data (conn 0)
[f7356] gb.mobile DEBUG: >>> 15 Transfer data (conn 0)
[f7416] gb.mobile DEBUG: <<< 15 Transfer data (conn 0)
[f7418] gb.mobile DEBUG: >>> 15 Transfer data (conn 0)
[f7478] gb.mobile DEBUG: <<< 15 Transfer data (conn 0)
[f7480] gb.mobile DEBUG: >>> 15 Transfer data (conn 0)
[f7540] gb.mobile DEBUG: <<< 15 Transfer data (conn 0)
[f7542] gb.mobile DEBUG: >>> 15 Transfer data (conn 0)
[f7602] gb.mobile DEBUG: <<< 15 Transfer data (conn 0)
[f7604] gb.mobile DEBUG: >>> 15 Transfer data (conn 0)
[f7664] gb.mobile DEBUG: <<< 15 Transfer data (conn 0)
[f7666] gb.mobile DEBUG: >>> 15 Transfer data (conn 0)
[f7726] gb.mobile DEBUG: <<< 15 Transfer data (conn 0)
[f7728] gb.mobile DEBUG: >>> 15 Transfer data (conn 0)
[f7788] gb.mobile DEBUG: <<< 15 Transfer data (conn 0)
[f7791] gb.mobile DEBUG: >>> 15 Transfer data (conn 0)
[f7851] gb.mobile DEBUG: <<< 15 Transfer data (conn 0)
[f7853] gb.mobile DEBUG: >>> 15 Transfer data (conn 0)
[f7913] gb.mobile DEBUG: <<< 15 Transfer data (conn 0)
[f7915] gb.mobile DEBUG: >>> 15 Transfer data (conn 0)
[f7975] gb.mobile DEBUG: <<< 15 Transfer data (conn 0)
[f7977] gb.mobile DEBUG: >>> 15 Transfer data (conn 0)
[f8037] gb.mobile DEBUG: <<< 15 Transfer data (conn 0)
[f8039] gb.mobile DEBUG: >>> 15 Transfer data (conn 0)
[f8099] gb.mobile DEBUG: <<< 15 Transfer data (conn 0)
[f8101] gb.mobile DEBUG: >>> 15 Transfer data (conn 0)
[f8161] gb.mobile DEBUG: <<< 15 Transfer data (conn 0)
[f8163] gb.mobile DEBUG: >>> 15 Transfer data (conn 0)
[f8223] gb.mobile DEBUG: <<< 15 Transfer data (conn 0)
[f8225] gb.mobile DEBUG: >>> 15 Transfer data (conn 0)
[f8285] gb.mobile DEBUG: <<< 15 Transfer data (conn 0)
[f8287] gb.mobile DEBUG: >>> 15 Transfer data (conn 0)
[f8347] gb.mobile DEBUG: <<< 15 Transfer data (conn 0)
[f8349] gb.mobile DEBUG: >>> 15 Transfer data (conn 0)
[f8409] gb.mobile DEBUG: <<< 15 Transfer data (conn 0)
[f8411] gb.mobile DEBUG: >>> 15 Transfer data (conn 0)
[f8471] gb.mobile DEBUG: <<< 15 Transfer data (conn 0)
[f8473] gb.mobile DEBUG: >>> 15 Transfer data (conn 0)
[f8533] gb.mobile DEBUG: <<< 15 Transfer data (conn 0)
[f8535] gb.mobile DEBUG: >>> 15 Transfer data (conn 0)
[f8595] gb.mobile DEBUG: <<< 15 Transfer data (conn 0)
[f8597] gb.mobile DEBUG: >>> 15 Transfer data (conn 0)
[f8657] gb.mobile DEBUG: <<< 15 Transfer data (conn 0)
[f8659] gb.mobile DEBUG: >>> 15 Transfer data (conn 0)
[f8719] gb.mobile DEBUG: <<< 15 Transfer data (conn 0)
[f8721] gb.mobile DEBUG: >>> 15 Transfer data (conn 0)
[f8781] gb.mobile DEBUG: <<< 15 Transfer data (conn 0)
[f8783] gb.mobile DEBUG: >>> 15 Transfer data (conn 0)
[f8843] gb.mobile DEBUG: <<< 15 Transfer data (conn 0)
[f8845] gb.mobile DEBUG: >>> 15 Transfer data (conn 0)
[f8905] gb.mobile DEBUG: <<< 15 Transfer data (conn 0)
[f8907] gb.mobile DEBUG: >>> 15 Transfer data (conn 0)
[f8967] gb.mobile DEBUG: <<< 15 Transfer data (conn 0)
[f8969] gb.mobile DEBUG: >>> 15 Transfer data (conn 0)
[f9029] gb.mobile DEBUG: <<< 15 Transfer data (conn 0)
[f9031] gb.mobile DEBUG: >>> 15 Transfer data (conn 0)
[f9091] gb.mobile DEBUG: <<< 15 Transfer data (conn 0)
[f9093] gb.mobile DEBUG: >>> 15 Transfer data (conn 0)
[f9153] gb.mobile DEBUG: <<< 15 Transfer data (conn 0)
[f9155] gb.mobile DEBUG: >>> 15 Transfer data (conn 0)
[f9215] gb.mobile DEBUG: <<< 15 Transfer data (conn 0)
[f9217] gb.mobile DEBUG: >>> 15 Transfer data (conn 0)
[f9277] gb.mobile DEBUG: <<< 15 Transfer data (conn 0)
[f9279] gb.mobile DEBUG: >>> 15 Transfer data (conn 0)
[f9339] gb.mobile DEBUG: <<< 15 Transfer data (conn 0)
[f9341] gb.mobile DEBUG: >>> 15 Transfer data (conn 0)
[f9401] gb.mobile DEBUG: <<< 15 Transfer data (conn 0)
[f9403] gb.mobile DEBUG: >>> 15 Transfer data (conn 0)
[f9463] gb.mobile DEBUG: <<< 15 Transfer data (conn 0)
[f9465] gb.mobile DEBUG: >>> 15 Transfer data (conn 0)
[f9525] gb.mobile DEBUG: <<< 15 Transfer data (conn 0)
[f9527] gb.mobile DEBUG: >>> 15 Transfer data (conn 0)
[f9587] gb.mobile DEBUG: <<< 15 Transfer data (conn 0)
[f9589] gb.mobile DEBUG: >>> 15 Transfer data (conn 0)
[f9649] gb.mobile DEBUG: <<< 15 Transfer data (conn 0)
[f9651] gb.mobile DEBUG: >>> 15 Transfer data (conn 0)
[f9711] gb.mobile DEBUG: <<< 15 Transfer data (conn 0)
[f9713] gb.mobile DEBUG: >>> 15 Transfer data (conn 0)
[f9773] gb.mobile DEBUG: <<< 15 Transfer data (conn 0)
[f9775] gb.mobile DEBUG: >>> 15 Transfer data (conn 0)
[f9835] gb.mobile DEBUG: <<< 15 Transfer data (conn 0)
[f9837] gb.mobile DEBUG: >>> 15 Transfer data (conn 0)
[f9897] gb.mobile DEBUG: <<< 15 Transfer data (conn 0)
[f9899] gb.mobile DEBUG: >>> 15 Transfer data (conn 0)
[f9959] gb.mobile DEBUG: <<< 15 Transfer data (conn 0)
[f9961] gb.mobile DEBUG: >>> 15 Transfer data (conn 0)
[f10021] gb.mobile DEBUG: <<< 15 Transfer data (conn 0)
[f10023] gb.mobile DEBUG: >>> 15 Transfer data (conn 0)
[f10083] gb.mobile DEBUG: <<< 15 Transfer data (conn 0)
[f10085] gb.mobile DEBUG: >>> 15 Transfer data (conn 0)
[f10145] gb.mobile DEBUG: <<< 15 Transfer data (conn 0)
[f10147] gb.mobile DEBUG: >>> 15 Transfer data (conn 0)
[f10207] gb.mobile DEBUG: <<< 15 Transfer data (conn 0)
[f10209] gb.mobile DEBUG: >>> 15 Transfer data (conn 0)
[f10269] gb.mobile DEBUG: <<< 15 Transfer data (conn 0)
[f10271] gb.mobile DEBUG: >>> 15 Transfer data (conn 0)
[f10331] gb.mobile DEBUG: <<< 15 Transfer data (conn 0)
[f10333] gb.mobile DEBUG: >>> 15 Transfer data (conn 0)
[f10393] gb.mobile DEBUG: <<< 15 Transfer data (conn 0)
[f10396] gb.mobile DEBUG: >>> 15 Transfer data (conn 0)
[f10456] gb.mobile DEBUG: <<< 15 Transfer data (conn 0)
[f10458] gb.mobile DEBUG: >>> 15 Transfer data (conn 0)
[f10518] gb.mobile DEBUG: <<< 15 Transfer data (conn 0)
[f10520] gb.mobile DEBUG: >>> 15 Transfer data (conn 0)
[f10580] gb.mobile DEBUG: <<< 15 Transfer data (conn 0)
[f10582] gb.mobile DEBUG: >>> 15 Transfer data (conn 0)
[f10642] gb.mobile DEBUG: <<< 15 Transfer data (conn 0)
[f10644] gb.mobile DEBUG: >>> 15 Transfer data (conn 0)
[f10704] gb.mobile DEBUG: <<< 15 Transfer data (conn 0)
[f10706] gb.mobile DEBUG: >>> 15 Transfer data (conn 0)
[f10766] gb.mobile DEBUG: <<< 15 Transfer data (conn 0)
[f10768] gb.mobile DEBUG: >>> 15 Transfer data (conn 0)
[f10828] gb.mobile DEBUG: <<< 15 Transfer data (conn 0)
[f10830] gb.mobile DEBUG: >>> 15 Transfer data (conn 0)
[f10890] gb.mobile DEBUG: <<< 15 Transfer data (conn 0)
[f10892] gb.mobile DEBUG: >>> 15 Transfer data (conn 0)
[f10952] gb.mobile DEBUG: <<< 15 Transfer data (conn 0)
[f10954] gb.mobile DEBUG: >>> 15 Transfer data (conn 0)
[f11014] gb.mobile DEBUG: <<< 15 Transfer data (conn 0)
[f11016] gb.mobile DEBUG: >>> 15 Transfer data (conn 0)
[f11076] gb.mobile DEBUG: <<< 15 Transfer data (conn 0)
[f11078] gb.mobile DEBUG: >>> 15 Transfer data (conn 0)
[f11138] gb.mobile DEBUG: <<< 15 Transfer data (conn 0)
[f11140] gb.mobile DEBUG: >>> 15 Transfer data (conn 0)
[f11200] gb.mobile DEBUG: <<< 15 Transfer data (conn 0)
[f11202] gb.mobile DEBUG: >>> 15 Transfer data (conn 0)
[f11262] gb.mobile DEBUG: <<< 15 Transfer data (conn 0)
[f11264] gb.mobile DEBUG: >>> 15 Transfer data (conn 0)
[f11324] gb.mobile DEBUG: <<< 15 Transfer data (conn 0)
[f11326] gb.mobile DEBUG: >>> 15 Transfer data (conn 0)
[f11386] gb.mobile DEBUG: <<< 15 Transfer data (conn 0)
[f11388] gb.mobile DEBUG: >>> 15 Transfer data (conn 0)
[f11448] gb.mobile DEBUG: <<< 15 Transfer data (conn 0)
[f11450] gb.mobile DEBUG: >>> 15 Transfer data (conn 0)
[f11510] gb.mobile DEBUG: <<< 15 Transfer data (conn 0)
[f11512] gb.mobile DEBUG: >>> 15 Transfer data (conn 0)
[f11572] gb.mobile DEBUG: <<< 15 Transfer data (conn 0)
[f11574] gb.mobile DEBUG: >>> 15 Transfer data (conn 0)
[f11634] gb.mobile DEBUG: <<< 15 Transfer data (conn 0)
[f11636] gb.mobile DEBUG: >>> 15 Transfer data (conn 0)
[f11696] gb.mobile DEBUG: <<< 15 Transfer data (conn 0)
[f11698] gb.mobile DEBUG: >>> 15 Transfer data (conn 0)
[f11758] gb.mobile DEBUG: <<< 15 Transfer data (conn 0)
[f11760] gb.mobile DEBUG: >>> 15 Transfer data (conn 0)
[f11820] gb.mobile DEBUG: <<< 15 Transfer data (conn 0)
[f11822] gb.mobile DEBUG: >>> 15 Transfer data (conn 0)
[f11882] gb.mobile DEBUG: <<< 15 Transfer data (conn 0)
[f11884] gb.mobile DEBUG: >>> 15 Transfer data (conn 0)
[f11944] gb.mobile DEBUG: <<< 15 Transfer data (conn 0)
[f11946] gb.mobile DEBUG: >>> 15 Transfer data (conn 0)
[f12006] gb.mobile DEBUG: <<< 15 Transfer data (conn 0)
[f12008] gb.mobile DEBUG: >>> 15 Transfer data (conn 0)
[f12068] gb.mobile DEBUG: <<< 15 Transfer data (conn 0)
[f12070] gb.mobile DEBUG: >>> 15 Transfer data (conn 0)
[f12130] gb.mobile DEBUG: <<< 15 Transfer data (conn 0)
[f12132] gb.mobile DEBUG: >>> 15 Transfer data (conn 0)
[f12192] gb.mobile DEBUG: <<< 15 Transfer data (conn 0)
[f12194] gb.mobile DEBUG: >>> 15 Transfer data (conn 0)
[f12254] gb.mobile DEBUG: <<< 15 Transfer data (conn 0)
[f12256] gb.mobile DEBUG: >>> 15 Transfer data (conn 0)
[f12316] gb.mobile DEBUG: <<< 15 Transfer data (conn 0)
[f12318] gb.mobile DEBUG: >>> 15 Transfer data (conn 0)
[f12378] gb.mobile DEBUG: <<< 15 Transfer data (conn 0)
[f12380] gb.mobile DEBUG: >>> 15 Transfer data (conn 0)
[f12440] gb.mobile DEBUG: <<< 15 Transfer data (conn 0)
[f12442] gb.mobile DEBUG: >>> 15 Transfer data (conn 0)
[f12502] gb.mobile DEBUG: <<< 15 Transfer data (conn 0)
[f12504] gb.mobile DEBUG: >>> 15 Transfer data (conn 0)
[f12564] gb.mobile DEBUG: <<< 15 Transfer data (conn 0)
[f12567] gb.mobile DEBUG: >>> 15 Transfer data (conn 0)
[f12627] gb.mobile DEBUG: <<< 15 Transfer data (conn 0)
[f12629] gb.mobile DEBUG: >>> 15 Transfer data (conn 0)
[f12689] gb.mobile DEBUG: <<< 15 Transfer data (conn 0)
[f12691] gb.mobile DEBUG: >>> 15 Transfer data (conn 0)
[f12751] gb.mobile DEBUG: <<< 15 Transfer data (conn 0)
[f12753] gb.mobile DEBUG: >>> 15 Transfer data (conn 0)
[f12813] gb.mobile DEBUG: <<< 15 Transfer data (conn 0)
[f12815] gb.mobile DEBUG: >>> 15 Transfer data (conn 0)
[f12875] gb.mobile DEBUG: <<< 15 Transfer data (conn 0)
[f12877] gb.mobile DEBUG: >>> 15 Transfer data (conn 0)
[f12937] gb.mobile DEBUG: <<< 15 Transfer data (conn 0)
[f12939] gb.mobile DEBUG: >>> 15 Transfer data (conn 0)
[f12999] gb.mobile DEBUG: <<< 15 Transfer data (conn 0)
[f13001] gb.mobile DEBUG: >>> 15 Transfer data (conn 0)
[f13061] gb.mobile DEBUG: <<< 15 Transfer data (conn 0)
[f13063] gb.mobile DEBUG: >>> 15 Transfer data (conn 0)
[f13123] gb.mobile DEBUG: <<< 15 Transfer data (conn 0)
[f13125] gb.mobile DEBUG: >>> 15 Transfer data (conn 0)
[f13185] gb.mobile DEBUG: <<< 15 Transfer data (conn 0)
[f13187] gb.mobile DEBUG: >>> 15 Transfer data (conn 0)
[f13247] gb.mobile DEBUG: <<< 15 Transfer data (conn 0)
[f13249] gb.mobile DEBUG: >>> 15 Transfer data (conn 0)
[f13309] gb.mobile DEBUG: <<< 15 Transfer data (conn 0)
[f13311] gb.mobile DEBUG: >>> 15 Transfer data (conn 0)
[f13371] gb.mobile DEBUG: <<< 15 Transfer data (conn 0)
[f13373] gb.mobile DEBUG: >>> 15 Transfer data (conn 0)
[f13433] gb.mobile DEBUG: <<< 15 Transfer data (conn 0)
[f13435] gb.mobile DEBUG: >>> 15 Transfer data (conn 0)
[f13495] gb.mobile DEBUG: <<< 15 Transfer data (conn 0)
[f13497] gb.mobile DEBUG: >>> 15 Transfer data (conn 0)
[f13557] gb.mobile DEBUG: <<< 15 Transfer data (conn 0)
[f13559] gb.mobile DEBUG: >>> 15 Transfer data (conn 0)
[f13619] gb.mobile DEBUG: <<< 15 Transfer data (conn 0)
[f13621] gb.mobile DEBUG: >>> 15 Transfer data (conn 0)
[f13681] gb.mobile DEBUG: <<< 15 Transfer data (conn 0)
[f13683] gb.mobile DEBUG: >>> 15 Transfer data (conn 0)
[f13743] gb.mobile DEBUG: <<< 15 Transfer data (conn 0)
[f13745] gb.mobile DEBUG: >>> 15 Transfer data (conn 0)
[f13805] gb.mobile DEBUG: <<< 15 Transfer data (conn 0)
[f13807] gb.mobile DEBUG: >>> 15 Transfer data (conn 0)
[f13867] gb.mobile DEBUG: <<< 15 Transfer data (conn 0)
[f13869] gb.mobile DEBUG: >>> 15 Transfer data (conn 0)
[f13929] gb.mobile DEBUG: <<< 15 Transfer data (conn 0)
[f13931] gb.mobile DEBUG: >>> 15 Transfer data (conn 0)
[f13991] gb.mobile DEBUG: <<< 15 Transfer data (conn 0)
[f13993] gb.mobile DEBUG: >>> 15 Transfer data (conn 0)
[f14053] gb.mobile DEBUG: <<< 15 Transfer data (conn 0)
[f14055] gb.mobile DEBUG: >>> 15 Transfer data (conn 0)
[f14115] gb.mobile DEBUG: <<< 15 Transfer data (conn 0)
[f14117] gb.mobile DEBUG: >>> 15 Transfer data (conn 0)
[f14177] gb.mobile DEBUG: <<< 15 Transfer data (conn 0)
[f14179] gb.mobile DEBUG: >>> 15 Transfer data (conn 0)
[f14239] gb.mobile DEBUG: <<< 15 Transfer data (conn 0)
[f14241] gb.mobile DEBUG: >>> 15 Transfer data (conn 0)
[f14301] gb.mobile DEBUG: <<< 15 Transfer data (conn 0)
[f14303] gb.mobile DEBUG: >>> 15 Transfer data (conn 0)
[f14363] gb.mobile DEBUG: <<< 15 Transfer data (conn 0)
[f14365] gb.mobile DEBUG: >>> 15 Transfer data (conn 0)
[f14425] gb.mobile DEBUG: <<< 15 Transfer data (conn 0)
[f14427] gb.mobile DEBUG: >>> 15 Transfer data (conn 0)
[f14487] gb.mobile DEBUG: <<< 15 Transfer data (conn 0)
[f14489] gb.mobile DEBUG: >>> 15 Transfer data (conn 0)
[f14549] gb.mobile DEBUG: <<< 15 Transfer data (conn 0)
[f14551] gb.mobile DEBUG: >>> 15 Transfer data (conn 0)
[f14611] gb.mobile DEBUG: <<< 15 Transfer data (conn 0)
[f14613] gb.mobile DEBUG: >>> 15 Transfer data (conn 0)
[f14673] gb.mobile DEBUG: <<< 15 Transfer data (conn 0)
[f14675] gb.mobile DEBUG: >>> 15 Transfer data (conn 0)
[f14735] gb.mobile DEBUG: <<< 15 Transfer data (conn 0)
[f14737] gb.mobile DEBUG: >>> 15 Transfer data (conn 0)
[f14797] gb.mobile DEBUG: <<< 15 Transfer data (conn 0)
[f14799] gb.mobile DEBUG: >>> 15 Transfer data (conn 0)
[f14859] gb.mobile DEBUG: <<< 15 Transfer data (conn 0)
[f14861] gb.mobile DEBUG: >>> 15 Transfer data (conn 0)
[f14921] gb.mobile DEBUG: <<< 15 Transfer data (conn 0)
[f14923] gb.mobile DEBUG: >>> 15 Transfer data (conn 0)
[f14983] gb.mobile DEBUG: <<< 15 Transfer data (conn 0)
[f14985] gb.mobile DEBUG: >>> 15 Transfer data (conn 0)
[f15045] gb.mobile DEBUG: <<< 15 Transfer data (conn 0)
[f15047] gb.mobile DEBUG: >>> 15 Transfer data (conn 0)
[f15107] gb.mobile DEBUG: <<< 15 Transfer data (conn 0)
[f15109] gb.mobile DEBUG: >>> 15 Transfer data (conn 0)
[f15169] gb.mobile DEBUG: <<< 15 Transfer data (conn 0)
[f15171] gb.mobile DEBUG: >>> 15 Transfer data (conn 0)
[f15231] gb.mobile DEBUG: <<< 15 Transfer data (conn 0)
[f15234] gb.mobile DEBUG: >>> 15 Transfer data (conn 0)
[f15294] gb.mobile DEBUG: <<< 15 Transfer data (conn 0)
[f15296] gb.mobile DEBUG: >>> 15 Transfer data (conn 0)
[f15356] gb.mobile DEBUG: <<< 15 Transfer data (conn 0)
[f15358] gb.mobile DEBUG: >>> 15 Transfer data (conn 0)
[f15418] gb.mobile DEBUG: <<< 15 Transfer data (conn 0)
[f15420] gb.mobile DEBUG: >>> 15 Transfer data (conn 0)
[f15480] gb.mobile DEBUG: <<< 15 Transfer data (conn 0)
[f15482] gb.mobile DEBUG: >>> 15 Transfer data (conn 0)
[f15542] gb.mobile DEBUG: <<< 15 Transfer data (conn 0)
[f15544] gb.mobile DEBUG: >>> 15 Transfer data (conn 0)
[f15604] gb.mobile DEBUG: <<< 15 Transfer data (conn 0)
[f15606] gb.mobile DEBUG: >>> 15 Transfer data (conn 0)
[f15666] gb.mobile DEBUG: <<< 15 Transfer data (conn 0)
[f15668] gb.mobile DEBUG: >>> 15 Transfer data (conn 0)
[f15728] gb.mobile DEBUG: <<< 15 Transfer data (conn 0)
[f15730] gb.mobile DEBUG: >>> 15 Transfer data (conn 0)
[f15790] gb.mobile DEBUG: <<< 15 Transfer data (conn 0)
[f15792] gb.mobile DEBUG: >>> 15 Transfer data (conn 0)
[f15852] gb.mobile DEBUG: <<< 15 Transfer data (conn 0)
[f15854] gb.mobile DEBUG: >>> 15 Transfer data (conn 0)
[f15914] gb.mobile DEBUG: <<< 15 Transfer data (conn 0)
[f15916] gb.mobile DEBUG: >>> 15 Transfer data (conn 0)
[f15976] gb.mobile DEBUG: <<< 15 Transfer data (conn 0)
[f15978] gb.mobile DEBUG: >>> 15 Transfer data (conn 0)
[f16038] gb.mobile DEBUG: <<< 15 Transfer data (conn 0)
[f16040] gb.mobile DEBUG: >>> 15 Transfer data (conn 0)
[f16100] gb.mobile DEBUG: <<< 15 Transfer data (conn 0)
[f16102] gb.mobile DEBUG: >>> 15 Transfer data (conn 0)
[f16162] gb.mobile DEBUG: <<< 15 Transfer data (conn 0)
[f16164] gb.mobile DEBUG: >>> 15 Transfer data (conn 0)
[f16224] gb.mobile DEBUG: <<< 15 Transfer data (conn 0)
[f16226] gb.mobile DEBUG: >>> 15 Transfer data (conn 0)
[f16286] gb.mobile DEBUG: <<< 15 Transfer data (conn 0)
[f16288] gb.mobile DEBUG: >>> 15 Transfer data (conn 0)
[f16348] gb.mobile DEBUG: <<< 15 Transfer data (conn 0)
[f16350] gb.mobile DEBUG: >>> 15 Transfer data (conn 0)
[f16410] gb.mobile DEBUG: <<< 15 Transfer data (conn 0)
[f16412] gb.mobile DEBUG: >>> 15 Transfer data (conn 0)
[f16472] gb.mobile DEBUG: <<< 15 Transfer data (conn 0)
[f16474] gb.mobile DEBUG: >>> 15 Transfer data (conn 0)
[f16534] gb.mobile DEBUG: <<< 15 Transfer data (conn 0)
[f16536] gb.mobile DEBUG: >>> 15 Transfer data (conn 0)
[f16596] gb.mobile DEBUG: <<< 15 Transfer data (conn 0)
[f16598] gb.mobile DEBUG: >>> 15 Transfer data (conn 0)
[f16658] gb.mobile DEBUG: <<< 15 Transfer data (conn 0)
[f16660] gb.mobile DEBUG: >>> 15 Transfer data (conn 0)
[f16720] gb.mobile DEBUG: <<< 15 Transfer data (conn 0)
[f16722] gb.mobile DEBUG: >>> 15 Transfer data (conn 0)
[f16782] gb.mobile DEBUG: <<< 15 Transfer data (conn 0)
[f16784] gb.mobile DEBUG: >>> 15 Transfer data (conn 0)
[f16844] gb.mobile DEBUG: <<< 15 Transfer data (conn 0)
[f16846] gb.mobile DEBUG: >>> 15 Transfer data (conn 0)
[f16906] gb.mobile DEBUG: <<< 15 Transfer data (conn 0)
[f16908] gb.mobile DEBUG: >>> 15 Transfer data (conn 0)
[f16968] gb.mobile DEBUG: <<< 15 Transfer data (conn 0)
[f16970] gb.mobile DEBUG: >>> 15 Transfer data (conn 0)
[f17030] gb.mobile DEBUG: <<< 15 Transfer data (conn 0)
[f17032] gb.mobile DEBUG: >>> 15 Transfer data (conn 0)
[f17092] gb.mobile DEBUG: <<< 15 Transfer data (conn 0)
[f17094] gb.mobile DEBUG: >>> 15 Transfer data (conn 0)
[f17154] gb.mobile DEBUG: <<< 15 Transfer data (conn 0)
[f17156] gb.mobile DEBUG: >>> 15 Transfer data (conn 0)
[f17216] gb.mobile DEBUG: <<< 15 Transfer data (conn 0)
[f17218] gb.mobile DEBUG: >>> 15 Transfer data (conn 0)
[f17278] gb.mobile DEBUG: <<< 15 Transfer data (conn 0)
[f17280] gb.mobile DEBUG: >>> 15 Transfer data (conn 0)
[f17340] gb.mobile DEBUG: <<< 15 Transfer data (conn 0)
[f17342] gb.mobile DEBUG: >>> 15 Transfer data (conn 0)
[f17402] gb.mobile DEBUG: <<< 15 Transfer data (conn 0)
[f17404] gb.mobile DEBUG: >>> 15 Transfer data (conn 0)
[f17464] gb.mobile DEBUG: <<< 15 Transfer data (conn 0)
[f17466] gb.mobile DEBUG: >>> 15 Transfer data (conn 0)
[f17526] gb.mobile DEBUG: <<< 15 Transfer data (conn 0)
[f17528] gb.mobile DEBUG: >>> 15 Transfer data (conn 0)
[f17588] gb.mobile DEBUG: <<< 15 Transfer data (conn 0)
[f17590] gb.mobile DEBUG: >>> 15 Transfer data (conn 0)
[f17650] gb.mobile DEBUG: <<< 15 Transfer data (conn 0)
[f17653] gb.mobile DEBUG: >>> 15 Transfer data (conn 0)
[f17713] gb.mobile DEBUG: <<< 15 Transfer data (conn 0)
[f17715] gb.mobile DEBUG: >>> 15 Transfer data (conn 0)
[f17775] gb.mobile DEBUG: <<< 15 Transfer data (conn 0)
[f17777] gb.mobile DEBUG: >>> 15 Transfer data (conn 0)
[f17837] gb.mobile DEBUG: <<< 15 Transfer data (conn 0)
[f17839] gb.mobile DEBUG: >>> 15 Transfer data (conn 0)
[f17899] gb.mobile DEBUG: <<< 15 Transfer data (conn 0)
[f17901] gb.mobile DEBUG: >>> 15 Transfer data (conn 0)
[f17961] gb.mobile DEBUG: <<< 15 Transfer data (conn 0)
[f17963] gb.mobile DEBUG: >>> 15 Transfer data (conn 0)
[f18023] gb.mobile DEBUG: <<< 15 Transfer data (conn 0)
[f18025] gb.mobile DEBUG: >>> 15 Transfer data (conn 0)
[f18085] gb.mobile DEBUG: <<< 15 Transfer data (conn 0)
[f18087] gb.mobile DEBUG: >>> 15 Transfer data (conn 0)
[f18147] gb.mobile DEBUG: <<< 15 Transfer data (conn 0)
[f18149] gb.mobile DEBUG: >>> 15 Transfer data (conn 0)
[f18209] gb.mobile DEBUG: <<< 15 Transfer data (conn 0)
[f18211] gb.mobile DEBUG: >>> 15 Transfer data (conn 0)
[f18271] gb.mobile DEBUG: <<< 15 Transfer data (conn 0)
[f18273] gb.mobile DEBUG: >>> 15 Transfer data (conn 0)
[f18333] gb.mobile DEBUG: <<< 15 Transfer data (conn 0)
[f18335] gb.mobile DEBUG: >>> 15 Transfer data (conn 0)
[f18395] gb.mobile DEBUG: <<< 15 Transfer data (conn 0)
[f18397] gb.mobile DEBUG: >>> 15 Transfer data (conn 0)
[f18457] gb.mobile DEBUG: <<< 15 Transfer data (conn 0)
[f18459] gb.mobile DEBUG: >>> 15 Transfer data (conn 0)
[f18519] gb.mobile DEBUG: <<< 15 Transfer data (conn 0)
[f18521] gb.mobile DEBUG: >>> 15 Transfer data (conn 0)
[f18581] gb.mobile DEBUG: <<< 15 Transfer data (conn 0)
[f18583] gb.mobile DEBUG: >>> 15 Transfer data (conn 0)
[f18643] gb.mobile DEBUG: <<< 15 Transfer data (conn 0)
[f18645] gb.mobile DEBUG: >>> 15 Transfer data (conn 0)
[f18705] gb.mobile DEBUG: <<< 15 Transfer data (conn 0)
[f18707] gb.mobile DEBUG: >>> 15 Transfer data (conn 0)
[f18767] gb.mobile DEBUG: <<< 15 Transfer data (conn 0)
[f18769] gb.mobile DEBUG: >>> 15 Transfer data (conn 0)
[f18829] gb.mobile DEBUG: <<< 15 Transfer data (conn 0)
[f18831] gb.mobile DEBUG: >>> 15 Transfer data (conn 0)
[f18891] gb.mobile DEBUG: <<< 15 Transfer data (conn 0)
[f18893] gb.mobile DEBUG: >>> 15 Transfer data (conn 0)
[f18953] gb.mobile DEBUG: <<< 15 Transfer data (conn 0)
[f18955] gb.mobile DEBUG: >>> 15 Transfer data (conn 0)
[f19015] gb.mobile DEBUG: <<< 15 Transfer data (conn 0)
[f19017] gb.mobile DEBUG: >>> 15 Transfer data (conn 0)
[f19077] gb.mobile DEBUG: <<< 15 Transfer data (conn 0)
[f19079] gb.mobile DEBUG: >>> 15 Transfer data (conn 0)
[f19139] gb.mobile DEBUG: <<< 15 Transfer data (conn 0)
[f19141] gb.mobile DEBUG: >>> 15 Transfer data (conn 0)
[f19201] gb.mobile DEBUG: <<< 15 Transfer data (conn 0)
[f19203] gb.mobile DEBUG: >>> 15 Transfer data (conn 0)
[f19263] gb.mobile DEBUG: <<< 15 Transfer data (conn 0)
[f19265] gb.mobile DEBUG: >>> 15 Transfer data (conn 0)
[f19325] gb.mobile DEBUG: <<< 15 Transfer data (conn 0)
[f19327] gb.mobile DEBUG: >>> 15 Transfer data (conn 0)
[f19387] gb.mobile DEBUG: <<< 15 Transfer data (conn 0)
[f19389] gb.mobile DEBUG: >>> 15 Transfer data (conn 0)
[f19449] gb.mobile DEBUG: <<< 15 Transfer data (conn 0)
[f19451] gb.mobile DEBUG: >>> 15 Transfer data (conn 0)
[f19511] gb.mobile DEBUG: <<< 15 Transfer data (conn 0)
[f19513] gb.mobile DEBUG: >>> 15 Transfer data (conn 0)
[f19573] gb.mobile DEBUG: <<< 15 Transfer data (conn 0)
[f19575] gb.mobile DEBUG: >>> 15 Transfer data (conn 0)
[f19635] gb.mobile DEBUG: <<< 15 Transfer data (conn 0)
[f19637] gb.mobile DEBUG: >>> 15 Transfer data (conn 0)
[f19697] gb.mobile DEBUG: <<< 15 Transfer data (conn 0)
[f19699] gb.mobile DEBUG: >>> 15 Transfer data (conn 0)
[f19759] gb.mobile DEBUG: <<< 15 Transfer data (conn 0)
[f19761] gb.mobile DEBUG: >>> 15 Transfer data (conn 0)
[f19821] gb.mobile DEBUG: <<< 15 Transfer data (conn 0)
[f19823] gb.mobile DEBUG: >>> 15 Transfer data (conn 0)
[f19883] gb.mobile DEBUG: <<< 15 Transfer data (conn 0)
[f19885] gb.mobile DEBUG: >>> 15 Transfer data (conn 0)
[f19945] gb.mobile DEBUG: <<< 15 Transfer data (conn 0)
[f19947] gb.mobile DEBUG: >>> 15 Transfer data (conn 0)
[f20007] gb.mobile DEBUG: <<< 15 Transfer data (conn 0)
[f20009] gb.mobile DEBUG: >>> 15 Transfer data (conn 0)
[f20069] gb.mobile DEBUG: <<< 15 Transfer data (conn 0)
[f20072] gb.mobile DEBUG: >>> 15 Transfer data (conn 0)
[f20132] gb.mobile DEBUG: <<< 15 Transfer data (conn 0)
[f20134] gb.mobile DEBUG: >>> 15 Transfer data (conn 0)
[f20194] gb.mobile DEBUG: <<< 15 Transfer data (conn 0)
[f20196] gb.mobile DEBUG: >>> 15 Transfer data (conn 0)
[f20256] gb.mobile DEBUG: <<< 15 Transfer data (conn 0)
[f20258] gb.mobile DEBUG: >>> 15 Transfer data (conn 0)
[f20318] gb.mobile DEBUG: <<< 15 Transfer data (conn 0)
[f20320] gb.mobile DEBUG: >>> 15 Transfer data (conn 0)
[f20380] gb.mobile DEBUG: <<< 15 Transfer data (conn 0)
[f20382] gb.mobile DEBUG: >>> 15 Transfer data (conn 0)
[f20442] gb.mobile DEBUG: <<< 15 Transfer data (conn 0)
[f20444] gb.mobile DEBUG: >>> 15 Transfer data (conn 0)
[f20504] gb.mobile DEBUG: <<< 15 Transfer data (conn 0)
[f20506] gb.mobile DEBUG: >>> 15 Transfer data (conn 0)
[f20566] gb.mobile DEBUG: <<< 15 Transfer data (conn 0)
[f20568] gb.mobile DEBUG: >>> 15 Transfer data (conn 0)
[f20628] gb.mobile DEBUG: <<< 15 Transfer data (conn 0)
[f20630] gb.mobile DEBUG: >>> 15 Transfer data (conn 0)
[f20690] gb.mobile DEBUG: <<< 15 Transfer data (conn 0)
[f20692] gb.mobile DEBUG: >>> 15 Transfer data (conn 0)
[f20752] gb.mobile DEBUG: <<< 15 Transfer data (conn 0)
[f20754] gb.mobile DEBUG: >>> 15 Transfer data (conn 0)
[f20814] gb.mobile DEBUG: <<< 15 Transfer data (conn 0)
[f20816] gb.mobile DEBUG: >>> 15 Transfer data (conn 0)
[f20876] gb.mobile DEBUG: <<< 15 Transfer data (conn 0)
[f20878] gb.mobile DEBUG: >>> 15 Transfer data (conn 0)
[f20938] gb.mobile DEBUG: <<< 15 Transfer data (conn 0)
[f20940] gb.mobile DEBUG: >>> 15 Transfer data (conn 0)
[f21000] gb.mobile DEBUG: <<< 15 Transfer data (conn 0)
[f21002] gb.mobile DEBUG: >>> 15 Transfer data (conn 0)
[f21062] gb.mobile DEBUG: <<< 15 Transfer data (conn 0)
[f21064] gb.mobile DEBUG: >>> 15 Transfer data (conn 0)
[f21124] gb.mobile DEBUG: <<< 15 Transfer data (conn 0)
[f21126] gb.mobile DEBUG: >>> 15 Transfer data (conn 0)
[f21186] gb.mobile DEBUG: <<< 15 Transfer data (conn 0)
[f21188] gb.mobile DEBUG: >>> 15 Transfer data (conn 0)
[f21248] gb.mobile DEBUG: <<< 15 Transfer data (conn 0)
[f21250] gb.mobile DEBUG: >>> 15 Transfer data (conn 0)
[f21310] gb.mobile DEBUG: <<< 15 Transfer data (conn 0)
[f21312] gb.mobile DEBUG: >>> 15 Transfer data (conn 0)
[f21372] gb.mobile DEBUG: <<< 15 Transfer data (conn 0)
[f21374] gb.mobile DEBUG: >>> 15 Transfer data (conn 0)
[f21434] gb.mobile DEBUG: <<< 15 Transfer data (conn 0)
[f21436] gb.mobile DEBUG: >>> 15 Transfer data (conn 0)
[f21496] gb.mobile DEBUG: <<< 15 Transfer data (conn 0)
[f21498] gb.mobile DEBUG: >>> 15 Transfer data (conn 0)
[f21558] gb.mobile DEBUG: <<< 15 Transfer data (conn 0)
[f21560] gb.mobile DEBUG: >>> 15 Transfer data (conn 0)
[f21620] gb.mobile DEBUG: <<< 15 Transfer data (conn 0)
[f21622] gb.mobile DEBUG: >>> 24 TCP disconnect (conn 0)
[f21622] NET sock_close conn=0
[f21622] gb.mobile DEBUG: <<< 24 TCP disconnect (conn 0)
[f21624] gb.mobile DEBUG: >>> 17 Status
[f21624] gb.mobile DEBUG: <<< 17 Status: 04 4D 00
[f21680] gb.mobile DEBUG: >>> 17 Status
[f21680] gb.mobile DEBUG: <<< 17 Status: 04 4D 00
[f21736] gb.mobile DEBUG: >>> 17 Status
[f21736] gb.mobile DEBUG: <<< 17 Status: 04 4D 00
[f21793] gb.mobile DEBUG: >>> 17 Status
[f21793] gb.mobile DEBUG: <<< 17 Status: 04 4D 00
[f21806] gb.mobile DEBUG: >>> 22 PPP disconnect
[f21806] gb.mobile DEBUG: <<< 22 PPP disconnect
[f21808] gb.mobile DEBUG: >>> 13 Disconnect
[f21808] gb.mobile DEBUG: <<< 13 Disconnect
[f21810] gb.mobile DEBUG: >>> 11 End session
[f21810] gb.mobile DEBUG: <<< 11 End session
[f21810] gb.mobile DEBUG: 
