[f0] HARNESS Mobile Adapter attached to the link port
[f51] gb.mobile DEBUG: >>> 10 Start session: NINTENDO
[f51] gb.mobile DEBUG: <<< 10 Start session: NINTENDO
[f53] gb.mobile DEBUG: >>> 11 End session
[f53] gb.mobile DEBUG: <<< 11 End session
[f53] gb.mobile DEBUG: 
[f177] gb.mobile DEBUG: >>> 10 Start session: NINTENDO
[f177] gb.mobile DEBUG: <<< 10 Start session: NINTENDO
[f179] gb.mobile DEBUG: >>> 19 Read EEPROM (offset: 00; size: 80)
[f179] gb.mobile DEBUG: <<< 19 Read EEPROM (offset: 00)
[f179] gb.mobile DEBUG:     4D 41 81 00 D2 C4 03 B7 D2 8D 70 A3 67 31 31 31 
[f179] gb.mobile DEBUG:     31 31 31 31 31 31 00 00 00 00 00 00 00 00 00 00 
[f179] gb.mobile DEBUG:     00 00 00 00 00 00 00 00 00 00 00 00 31 31 31 31 
[f179] gb.mobile DEBUG:     31 31 31 31 40 31 31 31 31 2E 64 69 6F 6E 2E 6E 
[f179] gb.mobile DEBUG:     65 2E 6A 70 00 00 00 00 00 00 6D 61 69 6C 2E 31 
[f179] gb.mobile DEBUG:     31 31 31 2E 64 69 6F 6E 2E 6E 65 2E 6A 70 70 6F 
[f179] gb.mobile DEBUG:     70 2E 31 31 31 31 2E 64 69 6F 6E 2E 6E 65 2E 6A 
[f179] gb.mobile DEBUG:     70 00 00 00 00 00 A9 67 7F 00 00 F0 00 00 44 49 
[f186] gb.mobile DEBUG: >>> 19 Read EEPROM (offset: 80; size: 40)
[f186] gb.mobile DEBUG: <<< 19 Read EEPROM (offset: 80)
[f186] gb.mobile DEBUG:     4F 4E 20 50 44 43 2F 43 44 4D 41 4F 4E 45 FF FF 
[f186] gb.mobile DEBUG:     FF FF FF FF FF FF 00 00 00 00 00 00 00 00 00 00 
[f186] gb.mobile DEBUG:     00 00 00 00 00 00 FF FF FF FF FF FF FF FF 00 00 
[f186] gb.mobile DEBUG:     00 00 00 00 00 00 00 00 00 00 00 00 00 00 31 AC 
[f190] gb.mobile DEBUG: >>> 11 End session
[f190] gb.mobile DEBUG: <<< 11 End session
[f190] gb.mobile DEBUG: 
[f16721] gb.mobile DEBUG: >>> 10 Start session: NINTENDO
[f16721] gb.mobile DEBUG: <<< 10 Start session: NINTENDO
[f16723] gb.mobile DEBUG: >>> 11 End session
[f16723] gb.mobile DEBUG: <<< 11 End session
[f16723] gb.mobile DEBUG: 
[f16868] gb.mobile DEBUG: >>> 10 Start session: NINTENDO
[f16868] gb.mobile DEBUG: <<< 10 Start session: NINTENDO
[f16870] gb.mobile DEBUG: >>> 19 Read EEPROM (offset: 00; size: 60)
[f16870] gb.mobile DEBUG: <<< 19 Read EEPROM (offset: 00)
[f16870] gb.mobile DEBUG:     4D 41 81 00 D2 C4 03 B7 D2 8D 70 A3 67 31 31 31 
[f16870] gb.mobile DEBUG:     31 31 31 31 31 31 00 00 00 00 00 00 00 00 00 00 
[f16870] gb.mobile DEBUG:     00 00 00 00 00 00 00 00 00 00 00 00 31 31 31 31 
[f16870] gb.mobile DEBUG:     31 31 31 31 40 31 31 31 31 2E 64 69 6F 6E 2E 6E 
[f16870] gb.mobile DEBUG:     65 2E 6A 70 00 00 00 00 00 00 6D 61 69 6C 2E 31 
[f16870] gb.mobile DEBUG:     31 31 31 2E 64 69 6F 6E 2E 6E 65 2E 6A 70 70 6F 
[f16877] gb.mobile DEBUG: >>> 19 Read EEPROM (offset: 60; size: 60)
[f16877] gb.mobile DEBUG: <<< 19 Read EEPROM (offset: 60)
[f16877] gb.mobile DEBUG:     70 2E 31 31 31 31 2E 64 69 6F 6E 2E 6E 65 2E 6A 
[f16877] gb.mobile DEBUG:     70 00 00 00 00 00 A9 67 7F 00 00 F0 00 00 44 49 
[f16877] gb.mobile DEBUG:     4F 4E 20 50 44 43 2F 43 44 4D 41 4F 4E 45 FF FF 
[f16877] gb.mobile DEBUG:     FF FF FF FF FF FF 00 00 00 00 00 00 00 00 00 00 
[f16877] gb.mobile DEBUG:     00 00 00 00 00 00 FF FF FF FF FF FF FF FF 00 00 
[f16877] gb.mobile DEBUG:     00 00 00 00 00 00 00 00 00 00 00 00 00 00 31 AC 
[f16884] gb.mobile DEBUG: >>> 11 End session
[f16884] gb.mobile DEBUG: <<< 11 End session
[f16884] gb.mobile DEBUG: 
[f17031] gb.mobile DEBUG: >>> 10 Start session: NINTENDO
[f17031] gb.mobile DEBUG: <<< 10 Start session: NINTENDO
[f17033] gb.mobile DEBUG: >>> 19 Read EEPROM (offset: 00; size: 60)
[f17033] gb.mobile DEBUG: <<< 19 Read EEPROM (offset: 00)
[f17033] gb.mobile DEBUG:     4D 41 81 00 D2 C4 03 B7 D2 8D 70 A3 67 31 31 31 
[f17033] gb.mobile DEBUG:     31 31 31 31 31 31 00 00 00 00 00 00 00 00 00 00 
[f17033] gb.mobile DEBUG:     00 00 00 00 00 00 00 00 00 00 00 00 31 31 31 31 
[f17033] gb.mobile DEBUG:     31 31 31 31 40 31 31 31 31 2E 64 69 6F 6E 2E 6E 
[f17033] gb.mobile DEBUG:     65 2E 6A 70 00 00 00 00 00 00 6D 61 69 6C 2E 31 
[f17033] gb.mobile DEBUG:     31 31 31 2E 64 69 6F 6E 2E 6E 65 2E 6A 70 70 6F 
[f17040] gb.mobile DEBUG: >>> 19 Read EEPROM (offset: 60; size: 60)
[f17040] gb.mobile DEBUG: <<< 19 Read EEPROM (offset: 60)
[f17040] gb.mobile DEBUG:     70 2E 31 31 31 31 2E 64 69 6F 6E 2E 6E 65 2E 6A 
[f17040] gb.mobile DEBUG:     70 00 00 00 00 00 A9 67 7F 00 00 F0 00 00 44 49 
[f17040] gb.mobile DEBUG:     4F 4E 20 50 44 43 2F 43 44 4D 41 4F 4E 45 FF FF 
[f17040] gb.mobile DEBUG:     FF FF FF FF FF FF 00 00 00 00 00 00 00 00 00 00 
[f17040] gb.mobile DEBUG:     00 00 00 00 00 00 FF FF FF FF FF FF FF FF 00 00 
[f17040] gb.mobile DEBUG:     00 00 00 00 00 00 00 00 00 00 00 00 00 00 31 AC 
[f17047] gb.mobile DEBUG: >>> 17 Status
[f17047] gb.mobile DEBUG: <<< 17 Status: 00 4D 00
[f17049] gb.mobile DEBUG: >>> 12 Call (prot 0): #9677
[f17049] gb.mobile DEBUG: <<< 12 Call
[f17052] gb.mobile DEBUG: >>> 21 PPP connect (id: g111111111; dns1: 210.196.3.183; dns2: 210.141.112.163)
[f17052] gb.mobile DEBUG: <<< 21 PPP connect (ip: 127.0.0.1; dns1: 0.0.0.0; dns2: 0.0.0.0)
[f17118] gb.mobile DEBUG: >>> 17 Status
[f17118] gb.mobile DEBUG: <<< 17 Status: 04 4D 00
[f17183] gb.mobile DEBUG: >>> 17 Status
[f17183] gb.mobile DEBUG: <<< 17 Status: 04 4D 00
[f17253] gb.mobile DEBUG: >>> 17 Status
[f17253] gb.mobile DEBUG: <<< 17 Status: 04 4D 00
[f17279] gb.mobile DEBUG: >>> 28 DNS request: pop.1111.dion.ne.jp
[f17279] NET sock_open conn=0 UDP bindport=0
[f17280] NET udp send to 210.196.3.183:53 (37 bytes)
[f17280] NET dns query "pop.1111.dion.ne.jp" -> 10.0.220.103
[f17281] NET sock_close conn=0
[f17281] gb.mobile DEBUG: <<< 28 DNS request: 10.0.220.103
[f17283] gb.mobile DEBUG: >>> 23 TCP connect: 10.0.220.103:110
[f17283] NET sock_open conn=0 TCP bindport=0
[f17284] NET sock_connect conn=0 TCP 10.0.220.103:110
[f17284] gb.mobile DEBUG: <POP3> Starting interception on conn 0
[f17284] gb.mobile DEBUG: <<< 23 TCP connect (conn 0)
[f17286] gb.mobile DEBUG: >>> 15 Transfer data (conn 0)
[f17286] gb.mobile DEBUG: <POP3> Greeting seen, has_key=0
[f17286] gb.mobile DEBUG: <<< 15 Transfer data (conn 0)
[f17286] gb.mobile DEBUG: +OK POP3 fake ready

[f17290] gb.mobile DEBUG: >>> 15 Transfer data (conn 0)
[f17290] gb.mobile DEBUG: USER 11111111

[f17290] gb.mobile DEBUG: <POP3> USER seen (15 bytes), forwarded (no key)
[f17290] NET tcp:110 rx-line "USER 11111111"
[f17290] gb.mobile DEBUG: <<< 15 Transfer data (conn 0)
[f17290] gb.mobile DEBUG: +OK

[f17293] gb.mobile DEBUG: >>> 15 Transfer data (conn 0)
[f17293] gb.mobile DEBUG: PASS aZ01

[f17293] gb.mobile DEBUG: <POP3> PASS seen (11 bytes), forwarded (no key)
[f17293] NET tcp:110 rx-line "PASS aZ01"
[f17293] gb.mobile DEBUG: <POP3> Auth response: +OK
[f17293] gb.mobile DEBUG: <<< 15 Transfer data (conn 0)
[f17293] gb.mobile DEBUG: +OK

[f17296] gb.mobile DEBUG: >>> 15 Transfer data (conn 0)
[f17296] gb.mobile DEBUG: STAT

[f17296] NET tcp:110 rx-line "STAT"
[f17296] gb.mobile DEBUG: <<< 15 Transfer data (conn 0)
[f17296] gb.mobile DEBUG: +OK 0 0

[f17367] gb.mobile DEBUG: >>> 17 Status
[f17367] gb.mobile DEBUG: <<< 17 Status: 04 4D 00
[f17439] gb.mobile DEBUG: >>> 17 Status
[f17439] gb.mobile DEBUG: <<< 17 Status: 04 4D 00
[f17511] gb.mobile DEBUG: >>> 17 Status
[f17511] gb.mobile DEBUG: <<< 17 Status: 04 4D 00
[f17582] gb.mobile DEBUG: >>> 17 Status
[f17582] gb.mobile DEBUG: <<< 17 Status: 04 4D 00
[f17620] gb.mobile DEBUG: >>> 15 Transfer data (conn 0)
[f17620] gb.mobile DEBUG: QUIT

[f17620] NET tcp:110 rx-line "QUIT"
[f17620] gb.mobile DEBUG: <<< 15 Transfer data (conn 0)
[f17620] gb.mobile DEBUG: +OK bye

[f17622] gb.mobile DEBUG: >>> 24 TCP disconnect (conn 0)
[f17622] NET sock_close conn=0
[f17622] gb.mobile DEBUG: <<< 24 TCP disconnect (conn 0)
[f17624] gb.mobile DEBUG: >>> 22 PPP disconnect
[f17624] gb.mobile DEBUG: <<< 22 PPP disconnect
[f17626] gb.mobile DEBUG: >>> 13 Disconnect
[f17626] gb.mobile DEBUG: <<< 13 Disconnect
[f17628] gb.mobile DEBUG: >>> 11 End session
[f17628] gb.mobile DEBUG: <<< 11 End session
[f17628] gb.mobile DEBUG: 
