W 0 0 0 04:4058 FF26 80
W 0 0 0 04:405C FF25 00
W 0 0 0 04:4060 FF12 08
W 0 0 0 04:4062 FF17 08
W 0 0 0 04:4064 FF21 08
W 0 0 0 04:4068 FF14 80
W 0 0 0 04:406A FF19 80
W 0 0 0 04:406C FF23 80
W 0 0 0 04:4070 FF1A 00
W 0 0 0 04:4074 FF25 FF
W 0 0 0 04:4078 FF24 77
T 0 1 1
T 1 2 2
C 2 2 3 0 5 631A BF 7F
C 2 2 3 0 5 631C BD 00
C 2 2 3 0 5 631E BC 4A
C 2 2 3 0 5 6320 BE 06
C 2 2 3 0 5 6322 D0 58
N 2 2 3 0 6325 C0001A6305002900C8587701020000FC6FD0000000FE4000000002000000001700000000000000000000000000000000FF0000000000000000000000 C2
Q S 2 2 3 3 0 C2 FFE2 6325 D04C 000000000000000000000000000000000000000000000000 C0001A6305002900C8587701020000FC6FD0000000FE4000000002000000001700000000000000000000000000000000FF0000000000000000000000 C2 21
W 2 2 3 04:4FDE FF12 08
W 2 2 3 04:4FE3 FF14 80
C 2 2 3 0 5 6325 81 5D
Q B 2 3 3 0 0 C2 F012 D040 D220 B0C8845840D07701020000FC6F0058000000000000000000 C200266305002900C8587701020000FC6FD0000000FE40000000020000000017170000000000000000000000000000FFFF0000000000000000000000 C2 12
W 2 3 3 04:4E91 FF14 00
W 2 3 3 04:4E96 FF11 80
W 2 3 3 04:4E99 FF10 00
Q P 2 3 3 0 0 C7 FC70 30F0 D233 A0C8845840D07701020000FC6F0058003071000000000000 C200266305002900C8587701020000FC6FD0000000FE40000000020000000017170000000000000000000000000000FFFF0000000000000000000000 C7 12
W 2 3 3 04:4F0C FF13 9D
W 2 3 3 04:4F18 FF14 07
W 2 3 3 04:4F22 FF11 80
Q A 2 3 3 0 0 C7 0005 079D D233 A0C8845840D07701020000FC6F0058003071008700000000 C200266305002900C8587701020000FC6FD0000000FE40000000020000000017170000000000000000000000000000FFFF0000000000000000000000 C7 12
W 2 3 3 04:4F95 FF25 FF
Q V 2 3 3 0 0 C7 0025 EE11 D06E A0C8845840D07701020000FC6F0058003071008700000000 C200266305002900C8587701020000FC6FD0000000FE40000000020000000017170000000000000000000000000000FFFF0000000000000000000000 C7 12
W 2 3 3 04:4FB9 FF12 71
W 2 3 3 04:4FBE FF14 87
T 2 3 3
G 3 3 4 0 D220
C 3 3 4 0 5 6326 5D 18
N 3 3 4 0 6328 C000266305002900C85DC701020000FC6FD0000000FE40000000020000000017170000000000000000000000000000FFFF0000000000000000000000 C0
Q S 3 3 4 3 0 C0 FFE2 6328 D04C 000000000000000000000000000000000000000000000000 C000266305002900C85DC701020000FC6FD0000000FE40000000020000000017170000000000000000000000000000FFFF0000000000000000000000 C0 21
W 3 3 4 04:4FDE FF12 08
W 3 3 4 04:4FE3 FF14 80
C 3 3 4 0 5 6328 81 B1
Q B 3 4 4 0 0 C0 F012 D040 D220 B0C8845D40D0C701020000FC6F005D003071008700000000 C000296305002900C85DC701020000FC6FD0000000FE400000000200000000172E0000000000000000000000000000FFFF0000000000000000000000 C0 12
W 3 4 4 04:4E91 FF14 00
W 3 4 4 04:4E96 FF11 80
W 3 4 4 04:4E99 FF10 00
Q P 3 4 4 0 0 C7 FCC0 50F0 D233 A0C8845D40D0C701020000FC6F005D0050C1008700000000 C000296305002900C85DC701020000FC6FD0000000FE400000000200000000172E0000000000000000000000000000FFFF0000000000000000000000 C7 12
W 3 4 4 04:4F0C FF13 B5
W 3 4 4 04:4F18 FF14 07
W 3 4 4 04:4F22 FF11 80
Q A 3 4 4 0 0 C7 0005 07B5 D233 A0C8845D40D0C701020000FC6F005D0050C1008700000000 C000296305002900C85DC701020000FC6FD0000000FE400000000200000000172E0000000000000000000000000000FFFF0000000000000000000000 C7 12
W 3 4 4 04:4F95 FF25 FF
Q V 3 4 4 0 0 C7 0025 EE11 D06E A0C8845D40D0C701020000FC6F005D0050C1008700000000 C000296305002900C85DC701020000FC6FD0000000FE400000000200000000172E0000000000000000000000000000FFFF0000000000000000000000 C7 12
W 3 4 4 04:4FB9 FF12 C1
W 3 4 4 04:4FBE FF14 87
T 3 4 4
G 4 4 5 0 D220
C 4 4 5 0 5 6329 B1 01
W 4 5 5 04:4FDE FF12 08
W 4 5 5 04:4FE3 FF14 80
T 4 5 5
# end frames=5 tM=5 tS=5
# track 0 jumps=0 active=0
