W 0 0 0 04:4058 FF26 80
W 0 0 0 04:405C FF25 00
W 0 0 0 04:4060 FF12 08
W 0 0 0 04:4062 FF17 08
W 0 0 0 04:4064 FF21 08
W 0 0 0 04:4068 FF14 80
W 0 0 0 04:406A FF19 80
W 0 0 0 04:406C FF23 80
W 0 0 0 04:4070 FF1A 00
W 0 0 0 04:4074 FF25 FF
W 0 0 0 04:4078 FF24 77
T 0 1 1
T 1 2 2
C 2 3 3 4 5 5AF6 BF 7F
C 2 3 3 4 5 5AF8 BD 00
C 2 3 3 4 5 5AFA BC 4A
C 2 3 3 4 5 5AFC BE 00
C 2 3 3 4 5 5AFE D0 7F
N 2 3 3 4 5B01 C000F65A05001800C87F07010B0000FB7FD0000000FE4000000002000000001700000000000000000000000000000000FF0000000000000000000000 C2
Q S 2 3 3 3 4 C2 FFE2 5B01 D13C 000000000000000000000000000000000000000000000000 C000F65A05001800C87F07010B0000FB7FD0000000FE4000000002000000001700000000000000000000000000000000FF0000000000000000000000 C2 21
W 2 3 3 04:4FDE FF17 08
W 2 3 3 04:4FE3 FF19 80
C 2 3 3 4 5 5B01 B1 01
W 2 3 3 04:4FDE FF17 08
W 2 3 3 04:4FE3 FF19 80
T 2 3 3
# end frames=3 tM=3 tS=3
# track 4 jumps=0 active=0
