W 0 0 0 04:4058 FF26 80
W 0 0 0 04:405C FF25 00
W 0 0 0 04:4060 FF12 08
W 0 0 0 04:4062 FF17 08
W 0 0 0 04:4064 FF21 08
W 0 0 0 04:4068 FF14 80
W 0 0 0 04:406A FF19 80
W 0 0 0 04:406C FF23 80
W 0 0 0 04:4070 FF1A 00
W 0 0 0 04:4074 FF25 FF
W 0 0 0 04:4078 FF24 77
T 0 1 1
T 1 2 2
C 2 2 3 0 5 636E BF 7F
C 2 2 3 0 5 6370 BD 00
C 2 2 3 0 5 6372 BC 4A
C 2 2 3 0 5 6374 BE 06
C 2 2 3 0 5 6376 C2 0C
C 2 2 3 0 5 6378 C1 39
C 2 2 3 0 5 637A D1 53
N 2 2 3 0 637D C0006E6305002C00C853BF02020000FC6FD1000000FE400000F20CBCFE00001700000000000000000000000000000000FF0000000000000000000000 C6
Q S 2 2 3 3 0 C6 FFE2 637D D04C 000000000000000000000000000000000000000000000000 C0006E6305002C00C853BF02020000FC6FD1000000FE400000F20CBCFE00001700000000000000000000000000000000FF0000000000000000000000 C6 21
W 2 2 3 04:4FDE FF12 08
W 2 2 3 04:4FE3 FF14 80
C 2 2 3 0 5 637D 81 C1
Q B 2 3 3 0 0 C6 F012 D040 D220 B0C8845340D0BF02020000FC6F0053000000000000000000 C6007E6305002C00C853BF02020000FC6FD1000000FE400000F20CBCFE000017170000000000000000000000BCFE00FFFF0000000000000000000000 C6 12
W 2 3 3 04:4E91 FF14 00
W 2 3 3 04:4E96 FF11 80
W 2 3 3 04:4E99 FF10 00
Q P 2 3 3 0 0 C7 FCB0 50F0 D233 A0C8845340D0BF02020000FC6F00530050B1000000000000 C6007E6305002C00C853BF02020000FC6FD1000000FE400000F20CBCFE000017170000000000000000000000BCFE00FFFF0000000000000000000000 C7 12
W 2 3 3 04:4F0C FF13 71
W 2 3 3 04:4F18 FF14 07
W 2 3 3 04:4F22 FF11 80
Q A 2 3 3 0 0 C7 0005 076B D233 A0C8845340D0BF02020000FC6F00530050B1008700000000 C6007E6305002C00C853BF02020000FC6FD1000000FE400000F20CBCFE000017170000000000000000000000BCFE00FFFF0000000000000000000000 C7 12
W 2 3 3 04:4F95 FF25 FF
Q V 2 3 3 0 0 C7 0025 EE11 D06E A0C8845340D0BF02020000FC6F00530050B1008700000000 C6007E6305002C00C853BF02020000FC6FD1000000FE400000F20CBCFE000017170000000000000000000000BCFE00FFFF0000000000000000000000 C7 12
W 2 3 3 04:4FB9 FF12 B1
W 2 3 3 04:4FBE FF14 87
T 2 3 3
C 3 3 4 0 5 637E C1 33
C 3 3 4 0 5 6380 83 40
Q P 3 4 4 0 0 C4 A111 000C D231 A0C8845340D0BF01020000FC6F00530050A1008700000000 C402816305002C00C853BF02020000FC6FC1000000FE400000E60C9CFD0000172E00000000000000000000009CFD00FFFF0000000000000000000000 C4 12
W 3 4 4 04:4F0C FF13 68
W 3 4 4 04:4F18 FF14 07
W 3 4 4 04:4F22 FF11 80
T 3 4 4
G 4 4 5 0 D220
E 4 5 5 0
W 4 5 5 04:4FDE FF12 08
W 4 5 5 04:4FE3 FF14 80
T 4 5 5
T 5 6 6
C 6 6 7 0 5 6381 40 D3
C 6 6 7 0 5 6382 D3 63
N 6 6 7 0 6384 C000816305002C00C863BF04020000FC6FD3000000FE400000000C00000000175C00000000000000000000009CFD00FFFF0000000000000000000000 C4
Q S 6 6 7 3 0 C4 FFE2 6384 D04C 000000000000000000000000000000000000000000000000 C000816305002C00C863BF04020000FC6FD3000000FE400000000C00000000175C00000000000000000000009CFD00FFFF0000000000000000000000 C4 21
W 6 6 7 04:4FDE FF12 08
W 6 6 7 04:4FE3 FF14 80
C 6 6 7 0 5 6384 81 C1
Q B 6 7 7 0 0 C4 F012 D040 D220 B0C8846340D0BF04020000FC6F00630050A1008700000000 C400856305002C00C863BF04020000FC6FD3000000FE400000000C0000000017730000000000000000000000000000FFFF0000000000000000000000 C4 12
W 6 7 7 04:4E91 FF14 00
W 6 7 7 04:4E96 FF11 80
W 6 7 7 04:4E99 FF10 00
Q P 6 7 7 0 0 C7 FCB0 50F0 D233 A0C8846340D0BF04020000FC6F00630050B1008700000000 C400856305002C00C863BF04020000FC6FD3000000FE400000000C0000000017730000000000000000000000000000FFFF0000000000000000000000 C7 12
W 6 7 7 04:4F0C FF13 CB
W 6 7 7 04:4F18 FF14 07
W 6 7 7 04:4F22 FF11 80
Q A 6 7 7 0 0 C7 0005 07CB D233 A0C8846340D0BF04020000FC6F00630050B1008700000000 C400856305002C00C863BF04020000FC6FD3000000FE400000000C0000000017730000000000000000000000000000FFFF0000000000000000000000 C7 12
W 6 7 7 04:4F95 FF25 FF
Q V 6 7 7 0 0 C7 0025 EE11 D06E A0C8846340D0BF04020000FC6F00630050B1008700000000 C400856305002C00C863BF04020000FC6FD3000000FE400000000C0000000017730000000000000000000000000000FFFF0000000000000000000000 C7 12
W 6 7 7 04:4FB9 FF12 B1
W 6 7 7 04:4FBE FF14 87
T 6 7 7
C 7 7 8 0 5 6385 C1 4B
C 7 7 8 0 5 6387 81 57
Q P 7 8 8 0 0 C4 A111 000C D231 A0C8846340D0BF03020000FC6F00630050A1008700000000 C400886305002C00C863BF04020000FC6FC1000000FE400000160C10020000178A0000000000000000000000100200FFFF0000000000000000000000 C4 12
W 7 8 8 04:4F0C FF13 D2
W 7 8 8 04:4F18 FF14 07
W 7 8 8 04:4F22 FF11 80
T 7 8 8
C 8 8 9 0 5 6388 57 81
C 8 8 9 0 5 6389 81 63
Q P 8 9 9 0 0 C4 9111 000C D231 A0C8846340D0BF02020000FC6F0063005091008700000000 C4008A6305002C00C863BF04020000FC6FC1000000FE4000002E0C5004000017A10000000000000000000000500400FFFF0000000000000000000000 C4 12
W 8 9 9 04:4F0C FF13 D7
W 8 9 9 04:4F18 FF14 07
W 8 9 9 04:4F22 FF11 80
T 8 9 9
C 9 9 10 0 5 638A 63 81
C 9 9 10 0 5 638B 81 B1
Q P 9 10 10 0 0 C4 8111 000C D231 A0C8846340D0BF01020000FC6F0063005081008700000000 C4008C6305002C00C863BF04020000FC6FC1000000FE400000460C9006000017B80000000000000000000000900600FFFF0000000000000000000000 C4 12
W 9 10 10 04:4F0C FF13 DD
W 9 10 10 04:4F18 FF14 07
W 9 10 10 04:4F22 FF11 80
T 9 10 10
G 10 10 11 0 D220
C 10 10 11 0 5 638C B1 01
W 10 11 11 04:4FDE FF12 08
W 10 11 11 04:4FE3 FF14 80
T 10 11 11
# end frames=11 tM=11 tS=11
# track 0 jumps=0 active=0
