[f0] HARNESS Mobile Adapter attached to the link port
[f51] gb.mobile DEBUG: >>> 10 Start session: NINTENDO
[f51] gb.mobile DEBUG: <<< 10 Start session: NINTENDO
[f53] gb.mobile DEBUG: >>> 11 End session
[f53] gb.mobile DEBUG: <<< 11 End session
[f53] gb.mobile DEBUG: 
[f177] gb.mobile DEBUG: >>> 10 Start session: NINTENDO
[f177] gb.mobile DEBUG: <<< 10 Start session: NINTENDO
[f179] gb.mobile DEBUG: >>> 19 Read EEPROM (offset: 00; size: 80)
[f179] gb.mobile DEBUG: <<< 19 Read EEPROM (offset: 00)
[f179] gb.mobile DEBUG:     00 00 00 00 00 00 00 00 00 00 00 00 00 00 00 00 
[f179] gb.mobile DEBUG:     00 00 00 00 00 00 00 00 00 00 00 00 00 00 00 00 
[f179] gb.mobile DEBUG:     00 00 00 00 00 00 00 00 00 00 00 00 00 00 00 00 
[f179] gb.mobile DEBUG:     00 00 00 00 00 00 00 00 00 00 00 00 00 00 00 00 
[f179] gb.mobile DEBUG:     00 00 00 00 00 00 00 00 00 00 00 00 00 00 00 00 
[f179] gb.mobile DEBUG:     00 00 00 00 00 00 00 00 00 00 00 00 00 00 00 00 
[f179] gb.mobile DEBUG:     00 00 00 00 00 00 00 00 00 00 00 00 00 00 00 00 
[f179] gb.mobile DEBUG:     00 00 00 00 00 00 00 00 00 00 00 00 00 00 00 00 
[f186] gb.mobile DEBUG: >>> 19 Read EEPROM (offset: 80; size: 40)
[f186] gb.mobile DEBUG: <<< 19 Read EEPROM (offset: 80)
[f186] gb.mobile DEBUG:     00 00 00 00 00 00 00 00 00 00 00 00 00 00 00 00 
[f186] gb.mobile DEBUG:     00 00 00 00 00 00 00 00 00 00 00 00 00 00 00 00 
[f186] gb.mobile DEBUG:     00 00 00 00 00 00 00 00 00 00 00 00 00 00 00 00 
[f186] gb.mobile DEBUG:     00 00 00 00 00 00 00 00 00 00 00 00 00 00 00 00 
[f190] gb.mobile DEBUG: >>> 11 End session
[f190] gb.mobile DEBUG: <<< 11 End session
[f190] gb.mobile DEBUG: 
[f4272] gb.mobile DEBUG: >>> 10 Start session: NINTENDO
[f4272] gb.mobile DEBUG: <<< 10 Start session: NINTENDO
[f4274] gb.mobile DEBUG: >>> 11 End session
[f4274] gb.mobile DEBUG: <<< 11 End session
[f4274] gb.mobile DEBUG: 
[f4399] gb.mobile DEBUG: >>> 10 Start session: NINTENDO
[f4399] gb.mobile DEBUG: <<< 10 Start session: NINTENDO
[f4406] gb.mobile DEBUG: >>> 1A Write EEPROM (offset: 00)
[f4406] gb.mobile DEBUG:     4D 41 01 00 D2 C4 03 B7 D2 8D 70 A3 67 31 31 31 
[f4406] gb.mobile DEBUG:     31 31 31 31 31 31 00 00 00 00 00 00 00 00 00 00 
[f4406] gb.mobile DEBUG:     00 00 00 00 00 00 00 00 00 00 00 00 31 31 31 31 
[f4406] gb.mobile DEBUG:     31 31 31 31 40 31 31 31 31 2E 64 69 6F 6E 2E 6E 
[f4406] gb.mobile DEBUG:     65 2E 6A 70 00 00 00 00 00 00 6D 61 69 6C 2E 31 
[f4406] gb.mobile DEBUG:     31 31 31 2E 64 69 6F 6E 2E 6E 65 2E 6A 70 70 6F 
[f4406] gb.mobile DEBUG:     70 2E 31 31 31 31 2E 64 69 6F 6E 2E 6E 65 2E 6A 
[f4406] gb.mobile DEBUG:     70 00 00 00 00 00 A9 67 7F 00 00 F0 00 00 44 49 
[f4406] gb.mobile DEBUG: <<< 1A Write EEPROM (offset: 00; size: 80)
[f4410] gb.mobile DEBUG: >>> 1A Write EEPROM (offset: 80)
[f4410] gb.mobile DEBUG:     4F 4E 20 50 44 43 2F 43 44 4D 41 4F 4E 45 FF FF 
[f4410] gb.mobile DEBUG:     FF FF FF FF FF FF 00 00 00 00 00 00 00 00 00 00 
[f4410] gb.mobile DEBUG:     00 00 00 00 00 00 FF FF FF FF FF FF FF FF 00 00 
[f4410] gb.mobile DEBUG:     00 00 00 00 00 00 00 00 00 00 00 00 00 00 31 2C 
[f4410] gb.mobile DEBUG: <<< 1A Write EEPROM (offset: 80; size: 40)
[f4412] gb.mobile DEBUG: >>> 11 End session
[f4412] gb.mobile DEBUG: <<< 11 End session
[f4412] gb.mobile DEBUG: 
[f4882] gb.mobile DEBUG: >>> 10 Start session: NINTENDO
[f4882] gb.mobile DEBUG: <<< 10 Start session: NINTENDO
[f4884] gb.mobile DEBUG: >>> 11 End session
[f4884] gb.mobile DEBUG: <<< 11 End session
[f4884] gb.mobile DEBUG: 
[f5008] gb.mobile DEBUG: >>> 10 Start session: NINTENDO
[f5008] gb.mobile DEBUG: <<< 10 Start session: NINTENDO
[f5010] gb.mobile DEBUG: >>> 19 Read EEPROM (offset: 00; size: 60)
[f5010] gb.mobile DEBUG: <<< 19 Read EEPROM (offset: 00)
[f5010] gb.mobile DEBUG:     4D 41 01 00 D2 C4 03 B7 D2 8D 70 A3 67 31 31 31 
[f5010] gb.mobile DEBUG:     31 31 31 31 31 31 00 00 00 00 00 00 00 00 00 00 
[f5010] gb.mobile DEBUG:     00 00 00 00 00 00 00 00 00 00 00 00 31 31 31 31 
[f5010] gb.mobile DEBUG:     31 31 31 31 40 31 31 31 31 2E 64 69 6F 6E 2E 6E 
[f5010] gb.mobile DEBUG:     65 2E 6A 70 00 00 00 00 00 00 6D 61 69 6C 2E 31 
[f5010] gb.mobile DEBUG:     31 31 31 2E 64 69 6F 6E 2E 6E 65 2E 6A 70 70 6F 
[f5016] gb.mobile DEBUG: >>> 19 Read EEPROM (offset: 60; size: 60)
[f5016] gb.mobile DEBUG: <<< 19 Read EEPROM (offset: 60)
[f5016] gb.mobile DEBUG:     70 2E 31 31 31 31 2E 64 69 6F 6E 2E 6E 65 2E 6A 
[f5016] gb.mobile DEBUG:     70 00 00 00 00 00 A9 67 7F 00 00 F0 00 00 44 49 
[f5016] gb.mobile DEBUG:     4F 4E 20 50 44 43 2F 43 44 4D 41 4F 4E 45 FF FF 
[f5016] gb.mobile DEBUG:     FF FF FF FF FF FF 00 00 00 00 00 00 00 00 00 00 
[f5016] gb.mobile DEBUG:     00 00 00 00 00 00 FF FF FF FF FF FF FF FF 00 00 
[f5016] gb.mobile DEBUG:     00 00 00 00 00 00 00 00 00 00 00 00 00 00 31 2C 
[f5022] gb.mobile DEBUG: >>> 11 End session
[f5022] gb.mobile DEBUG: <<< 11 End session
[f5022] gb.mobile DEBUG: 
[f5149] gb.mobile DEBUG: >>> 10 Start session: NINTENDO
[f5149] gb.mobile DEBUG: <<< 10 Start session: NINTENDO
[f5151] gb.mobile DEBUG: >>> 19 Read EEPROM (offset: 00; size: 60)
[f5151] gb.mobile DEBUG: <<< 19 Read EEPROM (offset: 00)
[f5151] gb.mobile DEBUG:     4D 41 01 00 D2 C4 03 B7 D2 8D 70 A3 67 31 31 31 
[f5151] gb.mobile DEBUG:     31 31 31 31 31 31 00 00 00 00 00 00 00 00 00 00 
[f5151] gb.mobile DEBUG:     00 00 00 00 00 00 00 00 00 00 00 00 31 31 31 31 
[f5151] gb.mobile DEBUG:     31 31 31 31 40 31 31 31 31 2E 64 69 6F 6E 2E 6E 
[f5151] gb.mobile DEBUG:     65 2E 6A 70 00 00 00 00 00 00 6D 61 69 6C 2E 31 
[f5151] gb.mobile DEBUG:     31 31 31 2E 64 69 6F 6E 2E 6E 65 2E 6A 70 70 6F 
[f5157] gb.mobile DEBUG: >>> 19 Read EEPROM (offset: 60; size: 60)
[f5157] gb.mobile DEBUG: <<< 19 Read EEPROM (offset: 60)
[f5157] gb.mobile DEBUG:     70 2E 31 31 31 31 2E 64 69 6F 6E 2E 6E 65 2E 6A 
[f5157] gb.mobile DEBUG:     70 00 00 00 00 00 A9 67 7F 00 00 F0 00 00 44 49 
[f5157] gb.mobile DEBUG:     4F 4E 20 50 44 43 2F 43 44 4D 41 4F 4E 45 FF FF 
[f5157] gb.mobile DEBUG:     FF FF FF FF FF FF 00 00 00 00 00 00 00 00 00 00 
[f5157] gb.mobile DEBUG:     00 00 00 00 00 00 FF FF FF FF FF FF FF FF 00 00 
[f5157] gb.mobile DEBUG:     00 00 00 00 00 00 00 00 00 00 00 00 00 00 31 2C 
[f5163] gb.mobile DEBUG: >>> 17 Status
[f5163] gb.mobile DEBUG: <<< 17 Status: 00 4D 00
[f5165] gb.mobile DEBUG: >>> 12 Call (prot 0): #9677
[f5165] gb.mobile DEBUG: <<< 12 Call
[f5168] gb.mobile DEBUG: >>> 21 PPP connect (id: g111111111; dns1: 210.196.3.183; dns2: 210.141.112.163)
[f5168] gb.mobile DEBUG: <<< 21 PPP connect (ip: 127.0.0.1; dns1: 0.0.0.0; dns2: 0.0.0.0)
[f5172] gb.mobile DEBUG: >>> 28 DNS request: pop.1111.dion.ne.jp
[f5172] NET sock_open conn=0 UDP bindport=0
[f5173] NET udp send to 210.196.3.183:53 (37 bytes)
[f5173] NET dns query "pop.1111.dion.ne.jp" -> 10.0.220.103
[f5174] NET sock_close conn=0
[f5174] gb.mobile DEBUG: <<< 28 DNS request: 10.0.220.103
[f5176] gb.mobile DEBUG: >>> 23 TCP connect: 10.0.220.103:110
[f5176] NET sock_open conn=0 TCP bindport=0
[f5177] NET sock_connect conn=0 TCP 10.0.220.103:110
[f5177] gb.mobile DEBUG: <POP3> Starting interception on conn 0
[f5177] gb.mobile DEBUG: <<< 23 TCP connect (conn 0)
[f5179] gb.mobile DEBUG: >>> 15 Transfer data (conn 0)
[f5179] gb.mobile DEBUG: <POP3> Greeting seen, has_key=0
[f5179] gb.mobile DEBUG: <<< 15 Transfer data (conn 0)
[f5179] gb.mobile DEBUG: +OK POP3 fake ready

[f5182] gb.mobile DEBUG: >>> 15 Transfer data (conn 0)
[f5182] gb.mobile DEBUG: USER 11111111

[f5182] gb.mobile DEBUG: <POP3> USER seen (15 bytes), forwarded (no key)
[f5182] NET tcp:110 rx-line "USER 11111111"
[f5182] gb.mobile DEBUG: <<< 15 Transfer data (conn 0)
[f5182] gb.mobile DEBUG: +OK

[f5184] gb.mobile DEBUG: >>> 15 Transfer data (conn 0)
[f5184] gb.mobile DEBUG: PASS aZ01

[f5184] gb.mobile DEBUG: <POP3> PASS seen (11 bytes), forwarded (no key)
[f5184] NET tcp:110 rx-line "PASS aZ01"
[f5184] gb.mobile DEBUG: <POP3> Auth response: +OK
[f5184] gb.mobile DEBUG: <<< 15 Transfer data (conn 0)
[f5184] gb.mobile DEBUG: +OK

[f5187] gb.mobile DEBUG: >>> 15 Transfer data (conn 0)
[f5187] gb.mobile DEBUG: QUIT

[f5187] NET tcp:110 rx-line "QUIT"
[f5187] gb.mobile DEBUG: <<< 15 Transfer data (conn 0)
[f5187] gb.mobile DEBUG: +OK bye

[f5189] gb.mobile DEBUG: >>> 24 TCP disconnect (conn 0)
[f5189] NET sock_close conn=0
[f5189] gb.mobile DEBUG: <<< 24 TCP disconnect (conn 0)
[f5191] gb.mobile DEBUG: >>> 22 PPP disconnect
[f5191] gb.mobile DEBUG: <<< 22 PPP disconnect
[f5193] gb.mobile DEBUG: >>> 13 Disconnect
[f5193] gb.mobile DEBUG: <<< 13 Disconnect
[f5194] gb.mobile DEBUG: >>> 11 End session
[f5194] gb.mobile DEBUG: <<< 11 End session
[f5194] gb.mobile DEBUG: 
[f5319] gb.mobile DEBUG: >>> 10 Start session: NINTENDO
[f5319] gb.mobile DEBUG: <<< 10 Start session: NINTENDO
[f5326] gb.mobile DEBUG: >>> 1A Write EEPROM (offset: 00)
[f5326] gb.mobile DEBUG:     4D 41 81 00 D2 C4 03 B7 D2 8D 70 A3 67 31 31 31 
[f5326] gb.mobile DEBUG:     31 31 31 31 31 31 00 00 00 00 00 00 00 00 00 00 
[f5326] gb.mobile DEBUG:     00 00 00 00 00 00 00 00 00 00 00 00 31 31 31 31 
[f5326] gb.mobile DEBUG:     31 31 31 31 40 31 31 31 31 2E 64 69 6F 6E 2E 6E 
[f5326] gb.mobile DEBUG:     65 2E 6A 70 00 00 00 00 00 00 6D 61 69 6C 2E 31 
[f5326] gb.mobile DEBUG:     31 31 31 2E 64 69 6F 6E 2E 6E 65 2E 6A 70 70 6F 
[f5326] gb.mobile DEBUG:     70 2E 31 31 31 31 2E 64 69 6F 6E 2E 6E 65 2E 6A 
[f5326] gb.mobile DEBUG:     70 00 00 00 00 00 A9 67 7F 00 00 F0 00 00 44 49 
[f5326] gb.mobile DEBUG: <<< 1A Write EEPROM (offset: 00; size: 80)
[f5330] gb.mobile DEBUG: >>> 1A Write EEPROM (offset: 80)
[f5330] gb.mobile DEBUG:     4F 4E 20 50 44 43 2F 43 44 4D 41 4F 4E 45 FF FF 
[f5330] gb.mobile DEBUG:     FF FF FF FF FF FF 00 00 00 00 00 00 00 00 00 00 
[f5330] gb.mobile DEBUG:     00 00 00 00 00 00 FF FF FF FF FF FF FF FF 00 00 
[f5330] gb.mobile DEBUG:     00 00 00 00 00 00 00 00 00 00 00 00 00 00 31 AC 
[f5330] gb.mobile DEBUG: <<< 1A Write EEPROM (offset: 80; size: 40)
[f5332] gb.mobile DEBUG: >>> 11 End session
[f5332] gb.mobile DEBUG: <<< 11 End session
[f5332] gb.mobile DEBUG: 
